   1               		.file	"Descriptors.c"
   2               	__SREG__ = 0x3f
   3               	__SP_H__ = 0x3e
   4               	__SP_L__ = 0x3d
   5               	__CCP__ = 0x34
   6               	__tmp_reg__ = 0
   7               	__zero_reg__ = 1
  15               	.Ltext0:
  16               		.section	.text.CALLBACK_USB_GetDescriptor,"ax",@progbits
  17               	.global	CALLBACK_USB_GetDescriptor
  19               	CALLBACK_USB_GetDescriptor:
  20               	.LFB19:
  21               	.LSM0:
  22               	.LVL0:
  23               	/* prologue: function */
  24               	/* frame size = 0 */
  25               	/* stack size = 0 */
  26               	.L__stack_usage = 0
  27               	.LSM1:
  28 0000 9230      		cpi r25,lo8(2)
  29 0002 01F0      		breq .L4
  30 0004 9330      		cpi r25,lo8(3)
  31 0006 01F0      		breq .L5
  32 0008 9130      		cpi r25,lo8(1)
  33 000a 01F4      		brne .L11
  34 000c 00C0      		rjmp .L9
  35               	.L4:
  36               	.LVL1:
  37               	.LSM2:
  38 000e 20E2      		ldi r18,lo8(32)
  39 0010 30E0      		ldi r19,hi8(32)
  40               	.LSM3:
  41 0012 E0E0      		ldi r30,lo8(ConfigurationDescriptor)
  42 0014 F0E0      		ldi r31,hi8(ConfigurationDescriptor)
  43               	.LSM4:
  44 0016 00C0      		rjmp .L3
  45               	.LVL2:
  46               	.L5:
  47               	.LSM5:
  48 0018 8130      		cpi r24,lo8(1)
  49 001a 01F0      		breq .L7
  50 001c 8130      		cpi r24,lo8(1)
  51 001e 00F0      		brlo .L6
  52 0020 8230      		cpi r24,lo8(2)
  53 0022 01F4      		brne .L11
  54 0024 00C0      		rjmp .L13
  55               	.L6:
  56               	.LVL3:
  57               	.LBB2:
  58               	.LSM6:
  59 0026 E0E0      		ldi r30,lo8(LanguageString)
  60 0028 F0E0      		ldi r31,hi8(LanguageString)
  61 002a 00C0      		rjmp .L12
  62               	.LVL4:
  63               	.L7:
  64               	.LBE2:
  65               	.LBB3:
  66               	.LSM7:
  67 002c E0E0      		ldi r30,lo8(ManufacturerString)
  68 002e F0E0      		ldi r31,hi8(ManufacturerString)
  69 0030 00C0      		rjmp .L12
  70               	.LVL5:
  71               	.L13:
  72               	.LBE3:
  73               	.LBB4:
  74               	.LSM8:
  75 0032 E0E0      		ldi r30,lo8(ProductString)
  76 0034 F0E0      		ldi r31,hi8(ProductString)
  77               	.LVL6:
  78               	.L12:
  79               	/* #APP */
  80               	 ;  208 "Descriptors.c" 1
  81 0036 2491      		lpm r18, Z
  82               		
  83               	 ;  0 "" 2
  84               	.LVL7:
  85               	/* #NOAPP */
  86               	.LBE4:
  87 0038 30E0      		ldi r19,lo8(0)
  88               	.LVL8:
  89               	.LSM9:
  90 003a 00C0      		rjmp .L3
  91               	.LVL9:
  92               	.L9:
  93               	.LSM10:
  94 003c 22E1      		ldi r18,lo8(18)
  95 003e 30E0      		ldi r19,hi8(18)
  96               	.LSM11:
  97 0040 E0E0      		ldi r30,lo8(DeviceDescriptor)
  98 0042 F0E0      		ldi r31,hi8(DeviceDescriptor)
  99 0044 00C0      		rjmp .L3
 100               	.L11:
 101               	.LSM12:
 102 0046 20E0      		ldi r18,lo8(0)
 103 0048 30E0      		ldi r19,hi8(0)
 104               	.LSM13:
 105 004a E0E0      		ldi r30,lo8(0)
 106 004c F0E0      		ldi r31,hi8(0)
 107               	.LVL10:
 108               	.L3:
 109               	.LSM14:
 110 004e DA01      		movw r26,r20
 111 0050 1196      		adiw r26,1
 112 0052 FC93      		st X,r31
 113 0054 EE93      		st -X,r30
 114               	.LSM15:
 115 0056 C901      		movw r24,r18
 116               	.LVL11:
 117               	/* epilogue start */
 118 0058 0895      		ret
 119               	.LFE19:
 121               	.global	DeviceDescriptor
 122               		.section	.progmem.data,"a",@progbits
 125               	DeviceDescriptor:
 126 0000 12        		.byte	18
 127 0001 01        		.byte	1
 128 0002 1001      		.word	272
 129 0004 00        		.byte	0
 130 0005 00        		.byte	0
 131 0006 00        		.byte	0
 132 0007 08        		.byte	8
 133 0008 EB03      		.word	1003
 134 000a 4520      		.word	8261
 135 000c 0000      		.word	0
 136 000e 01        		.byte	1
 137 000f 02        		.byte	2
 138 0010 00        		.byte	0
 139 0011 01        		.byte	1
 140               	.global	ConfigurationDescriptor
 143               	ConfigurationDescriptor:
 144 0012 09        		.byte	9
 145 0013 02        		.byte	2
 146 0014 2000      		.word	32
 147 0016 01        		.byte	1
 148 0017 01        		.byte	1
 149 0018 00        		.byte	0
 150 0019 80        		.byte	-128
 151 001a 32        		.byte	50
 152 001b 09        		.byte	9
 153 001c 04        		.byte	4
 154 001d 00        		.byte	0
 155 001e 00        		.byte	0
 156 001f 02        		.byte	2
 157 0020 08        		.byte	8
 158 0021 06        		.byte	6
 159 0022 50        		.byte	80
 160 0023 00        		.byte	0
 161 0024 07        		.byte	7
 162 0025 05        		.byte	5
 163 0026 83        		.byte	-125
 164 0027 02        		.byte	2
 165 0028 4000      		.word	64
 166 002a 00        		.byte	0
 167 002b 07        		.byte	7
 168 002c 05        		.byte	5
 169 002d 04        		.byte	4
 170 002e 02        		.byte	2
 171 002f 4000      		.word	64
 172 0031 00        		.byte	0
 173               	.global	LanguageString
 176               	LanguageString:
 177 0032 04        		.byte	4
 178 0033 03        		.byte	3
 179 0034 0904      		.word	1033
 180               	.global	ManufacturerString
 183               	ManufacturerString:
 184 0036 18        		.byte	24
 185 0037 03        		.byte	3
 186 0038 4400      		.string	"D"
 187 003a 6500      		.string	"e"
 188 003c 6100      		.string	"a"
 189 003e 6E00      		.string	"n"
 190 0040 2000      		.string	" "
 191 0042 4300      		.string	"C"
 192 0044 6100      		.string	"a"
 193 0046 6D00      		.string	"m"
 194 0048 6500      		.string	"e"
 195 004a 7200      		.string	"r"
 196 004c 6100      		.string	"a"
 197 004e 00        		.string	""
 198 004f 00        		.string	""
 199               	.global	ProductString
 202               	ProductString:
 203 0050 2E        		.byte	46
 204 0051 03        		.byte	3
 205 0052 4C00      		.string	"L"
 206 0054 5500      		.string	"U"
 207 0056 4600      		.string	"F"
 208 0058 4100      		.string	"A"
 209 005a 2000      		.string	" "
 210 005c 4D00      		.string	"M"
 211 005e 6100      		.string	"a"
 212 0060 7300      		.string	"s"
 213 0062 7300      		.string	"s"
 214 0064 2000      		.string	" "
 215 0066 5300      		.string	"S"
 216 0068 7400      		.string	"t"
 217 006a 6F00      		.string	"o"
 218 006c 7200      		.string	"r"
 219 006e 6100      		.string	"a"
 220 0070 6700      		.string	"g"
 221 0072 6500      		.string	"e"
 222 0074 2000      		.string	" "
 223 0076 4400      		.string	"D"
 224 0078 6500      		.string	"e"
 225 007a 6D00      		.string	"m"
 226 007c 6F00      		.string	"o"
 227 007e 00        		.string	""
 228 007f 00        		.string	""
 253               	.Letext0:
DEFINED SYMBOLS
                            *ABS*:0000000000000000 Descriptors.c
     /tmp/cccRfF92.s:2      *ABS*:000000000000003f __SREG__
     /tmp/cccRfF92.s:3      *ABS*:000000000000003e __SP_H__
     /tmp/cccRfF92.s:4      *ABS*:000000000000003d __SP_L__
     /tmp/cccRfF92.s:5      *ABS*:0000000000000034 __CCP__
     /tmp/cccRfF92.s:6      *ABS*:0000000000000000 __tmp_reg__
     /tmp/cccRfF92.s:7      *ABS*:0000000000000001 __zero_reg__
     /tmp/cccRfF92.s:19     .text.CALLBACK_USB_GetDescriptor:0000000000000000 CALLBACK_USB_GetDescriptor
     /tmp/cccRfF92.s:143    .progmem.data:0000000000000012 ConfigurationDescriptor
     /tmp/cccRfF92.s:176    .progmem.data:0000000000000032 LanguageString
     /tmp/cccRfF92.s:183    .progmem.data:0000000000000036 ManufacturerString
     /tmp/cccRfF92.s:202    .progmem.data:0000000000000050 ProductString
     /tmp/cccRfF92.s:125    .progmem.data:0000000000000000 DeviceDescriptor

NO UNDEFINED SYMBOLS
