Archive member included because of file (symbol)

/usr/lib/gcc/avr/4.5.3/../../../avr/lib/avr5/libm.a(addsf3.o)
                              Lib/umeter_adc.o (__subsf3)
/usr/lib/gcc/avr/4.5.3/../../../avr/lib/avr5/libm.a(addsf3x.o)
                              /usr/lib/gcc/avr/4.5.3/../../../avr/lib/avr5/libm.a(addsf3.o) (__addsf3x)
/usr/lib/gcc/avr/4.5.3/../../../avr/lib/avr5/libm.a(divsf3.o)
                              Lib/SDCardManager.o (__divsf3)
/usr/lib/gcc/avr/4.5.3/../../../avr/lib/avr5/libm.a(divsf3x.o)
                              /usr/lib/gcc/avr/4.5.3/../../../avr/lib/avr5/libm.a(divsf3.o) (__divsf3x)
/usr/lib/gcc/avr/4.5.3/../../../avr/lib/avr5/libm.a(fixsfsi.o)
                              Lib/umeter_adc.o (__fixsfsi)
/usr/lib/gcc/avr/4.5.3/../../../avr/lib/avr5/libm.a(fixunssfsi.o)
                              /usr/lib/gcc/avr/4.5.3/../../../avr/lib/avr5/libm.a(fixsfsi.o) (__fixunssfsi)
/usr/lib/gcc/avr/4.5.3/../../../avr/lib/avr5/libm.a(floatsisf.o)
                              Lib/SDCardManager.o (__floatunsisf)
/usr/lib/gcc/avr/4.5.3/../../../avr/lib/avr5/libm.a(fp_inf.o)
                              /usr/lib/gcc/avr/4.5.3/../../../avr/lib/avr5/libm.a(addsf3x.o) (__fp_inf)
/usr/lib/gcc/avr/4.5.3/../../../avr/lib/avr5/libm.a(fp_nan.o)
                              /usr/lib/gcc/avr/4.5.3/../../../avr/lib/avr5/libm.a(addsf3x.o) (__fp_nan)
/usr/lib/gcc/avr/4.5.3/../../../avr/lib/avr5/libm.a(fp_pscA.o)
                              /usr/lib/gcc/avr/4.5.3/../../../avr/lib/avr5/libm.a(addsf3x.o) (__fp_pscA)
/usr/lib/gcc/avr/4.5.3/../../../avr/lib/avr5/libm.a(fp_pscB.o)
                              /usr/lib/gcc/avr/4.5.3/../../../avr/lib/avr5/libm.a(addsf3x.o) (__fp_pscB)
/usr/lib/gcc/avr/4.5.3/../../../avr/lib/avr5/libm.a(fp_round.o)
                              /usr/lib/gcc/avr/4.5.3/../../../avr/lib/avr5/libm.a(addsf3.o) (__fp_round)
/usr/lib/gcc/avr/4.5.3/../../../avr/lib/avr5/libm.a(fp_split3.o)
                              /usr/lib/gcc/avr/4.5.3/../../../avr/lib/avr5/libm.a(addsf3x.o) (__fp_split3)
/usr/lib/gcc/avr/4.5.3/../../../avr/lib/avr5/libm.a(fp_zero.o)
                              /usr/lib/gcc/avr/4.5.3/../../../avr/lib/avr5/libm.a(addsf3x.o) (__fp_zero)
/usr/lib/gcc/avr/4.5.3/../../../avr/lib/avr5/libm.a(mulsf3.o)
                              Lib/SDCardManager.o (__mulsf3)
/usr/lib/gcc/avr/4.5.3/../../../avr/lib/avr5/libm.a(mulsf3x.o)
                              /usr/lib/gcc/avr/4.5.3/../../../avr/lib/avr5/libm.a(mulsf3.o) (__mulsf3x)
/usr/lib/gcc/avr/4.5.3/avr5/libgcc.a(_mulsi3.o)
                              Lib/fat.o (__mulsi3)
/usr/lib/gcc/avr/4.5.3/avr5/libgcc.a(_udivmodhi4.o)
                              Lib/fat.o (__udivmodhi4)
/usr/lib/gcc/avr/4.5.3/avr5/libgcc.a(_divmodhi4.o)
                              Lib/fat.o (__divmodhi4)
/usr/lib/gcc/avr/4.5.3/avr5/libgcc.a(_udivmodsi4.o)
                              Lib/fat.o (__udivmodsi4)
/usr/lib/gcc/avr/4.5.3/avr5/libgcc.a(_exit.o)
                              /usr/lib/gcc/avr/4.5.3/../../../avr/lib/avr5/crtm32u4.o (exit)
/usr/lib/gcc/avr/4.5.3/avr5/libgcc.a(_copy_data.o)
                              MassStorage.o (__do_copy_data)
/usr/lib/gcc/avr/4.5.3/avr5/libgcc.a(_clear_bss.o)
                              MassStorage.o (__do_clear_bss)
/usr/lib/gcc/avr/4.5.3/avr5/libgcc.a(_muldi3.o)
                              Lib/fat.o (__muldi3)
/usr/lib/gcc/avr/4.5.3/avr5/libgcc.a(_lshrdi3.o)
                              Lib/SDCardManager.o (__lshrdi3)
/usr/lib/gcc/avr/4.5.3/avr5/libgcc.a(_ashldi3.o)
                              Lib/sd_raw.o (__ashldi3)
/usr/lib/gcc/avr/4.5.3/avr5/libgcc.a(_prologue.o)
                              /usr/lib/gcc/avr/4.5.3/avr5/libgcc.a(_muldi3.o) (__prologue_saves__)
/usr/lib/gcc/avr/4.5.3/avr5/libgcc.a(_epilogue.o)
                              /usr/lib/gcc/avr/4.5.3/avr5/libgcc.a(_muldi3.o) (__epilogue_restores__)
/usr/lib/gcc/avr/4.5.3/../../../avr/lib/avr5/libc.a(memcpy.o)
                              Lib/sd_raw.o (memcpy)
/usr/lib/gcc/avr/4.5.3/../../../avr/lib/avr5/libc.a(memset.o)
                              Lib/fat.o (memset)
/usr/lib/gcc/avr/4.5.3/../../../avr/lib/avr5/libc.a(strchr.o)
                              Lib/fat.o (strchr)
/usr/lib/gcc/avr/4.5.3/../../../avr/lib/avr5/libc.a(strcmp.o)
                              Lib/SDCardManager.o (strcmp)
/usr/lib/gcc/avr/4.5.3/../../../avr/lib/avr5/libc.a(strncmp.o)
                              Lib/fat.o (strncmp)
/usr/lib/gcc/avr/4.5.3/../../../avr/lib/avr5/libc.a(strncpy.o)
                              Lib/fat.o (strncpy)
/usr/lib/gcc/avr/4.5.3/../../../avr/lib/avr5/libc.a(strrchr.o)
                              Lib/fat.o (strrchr)
/usr/lib/gcc/avr/4.5.3/../../../avr/lib/avr5/libc.a(iob.o)
                              MassStorage.o (__iob)
/usr/lib/gcc/avr/4.5.3/../../../avr/lib/avr5/libc.a(printf.o)
                              Lib/SDCardManager.o (printf)
[...]
Memory Configuration

Name             Origin             Length             Attributes
text             0x0000000000000000 0x0000000000020000 xr
data             0x0000000000800060 0x000000000000ffa0 rw !x
eeprom           0x0000000000810000 0x0000000000010000 rw !x
fuse             0x0000000000820000 0x0000000000000400 rw !x
lock             0x0000000000830000 0x0000000000000400 rw !x
signature        0x0000000000840000 0x0000000000000400 rw !x
*default*        0x0000000000000000 0xffffffffffffffff

Linker script and memory map

Address of section .data set to 0x800100
LOAD /usr/lib/gcc/avr/4.5.3/../../../avr/lib/avr5/crtm32u4.o
LOAD MassStorage.o
LOAD Descriptors.o
LOAD Lib/SCSI.o
LOAD Lib/SDCardManager.o
LOAD Lib/sd_raw.o
LOAD Lib/partition.o
LOAD Lib/fat.o
LOAD Lib/byteordering.o
LOAD Lib/umeter_adc.o
LOAD ../LUFA_091223/LUFA/Drivers/Peripheral/SerialStream.o
LOAD ../LUFA_091223/LUFA/Drivers/USB/LowLevel/DevChapter9.o
LOAD ../LUFA_091223/LUFA/Drivers/USB/LowLevel/Endpoint.o
LOAD ../LUFA_091223/LUFA/Drivers/USB/LowLevel/Host.o
LOAD ../LUFA_091223/LUFA/Drivers/USB/LowLevel/HostChapter9.o
LOAD ../LUFA_091223/LUFA/Drivers/USB/LowLevel/LowLevel.o
LOAD ../LUFA_091223/LUFA/Drivers/USB/LowLevel/Pipe.o
LOAD ../LUFA_091223/LUFA/Drivers/USB/HighLevel/Events.o
LOAD ../LUFA_091223/LUFA/Drivers/USB/HighLevel/USBInterrupt.o
LOAD ../LUFA_091223/LUFA/Drivers/USB/HighLevel/USBTask.o
LOAD ../LUFA_091223/LUFA/Drivers/USB/HighLevel/ConfigDescriptor.o
LOAD /usr/lib/gcc/avr/4.5.3/../../../avr/lib/avr5/libm.a
LOAD /usr/lib/gcc/avr/4.5.3/avr5/libgcc.a
LOAD /usr/lib/gcc/avr/4.5.3/../../../avr/lib/avr5/libc.a
LOAD /usr/lib/gcc/avr/4.5.3/avr5/libgcc.a

.hash
 *(.hash)

.dynsym
 *(.dynsym)

.dynstr
 *(.dynstr)

.gnu.version
 *(.gnu.version)

.gnu.version_d
 *(.gnu.version_d)

.gnu.version_r
 *(.gnu.version_r)

.rel.init
 *(.rel.init)

.rela.init
 *(.rela.init)

.rel.text
 *(.rel.text)
 *(.rel.text.*)
 *(.rel.gnu.linkonce.t*)

.rela.text
 *(.rela.text)
 *(.rela.text.*)
 *(.rela.gnu.linkonce.t*)

.rel.fini
 *(.rel.fini)

.rela.fini
 *(.rela.fini)

.rel.rodata
 *(.rel.rodata)
 *(.rel.rodata.*)
 *(.rel.gnu.linkonce.r*)

.rela.rodata
 *(.rela.rodata)
 *(.rela.rodata.*)
 *(.rela.gnu.linkonce.r*)

.rel.data
 *(.rel.data)
 *(.rel.data.*)
 *(.rel.gnu.linkonce.d*)

.rela.data
 *(.rela.data)
 *(.rela.data.*)
 *(.rela.gnu.linkonce.d*)

.rel.ctors
 *(.rel.ctors)

.rela.ctors
 *(.rela.ctors)

.rel.dtors
 *(.rel.dtors)

.rela.dtors
 *(.rela.dtors)

.rel.got
 *(.rel.got)

.rela.got
 *(.rela.got)

.rel.bss
 *(.rel.bss)

.rela.bss
 *(.rela.bss)

.rel.plt
 *(.rel.plt)

.rela.plt
 *(.rela.plt)

.text           0x0000000000000000     0x6c6e
 *(.vectors)
 .vectors       0x0000000000000000       0xac /usr/lib/gcc/avr/4.5.3/../../../avr/lib/avr5/crtm32u4.o
                0x0000000000000000                __vectors
                0x0000000000000000                __vector_default
 *(.vectors)
 *(.progmem.gcc*)
 *(.progmem*)
 .progmem.data  0x00000000000000ac       0x39 MassStorage.o
 .progmem.data  0x00000000000000e5       0x80 Descriptors.o
                0x00000000000000e5                DeviceDescriptor
                0x00000000000000f7                ConfigurationDescriptor
                0x0000000000000117                LanguageString
                0x000000000000011b                ManufacturerString
                0x0000000000000135                ProductString
 .progmem.data  0x0000000000000165      0x111 Lib/SDCardManager.o
                0x0000000000000276                . = ALIGN (0x2)
                0x0000000000000276                __trampolines_start = .
 *(.trampolines)
 .trampolines   0x0000000000000276        0x0 linker stubs
 *(.trampolines*)
                0x0000000000000276                __trampolines_end = .
 *(.jumptables)
 *(.jumptables*)
 *(.lowtext)
 *(.lowtext*)
                0x0000000000000276                __ctors_start = .
 *(.ctors)
                0x0000000000000276                __ctors_end = .
                0x0000000000000276                __dtors_start = .
 *(.dtors)
                0x0000000000000276                __dtors_end = .
 SORT(*)(.ctors)
 SORT(*)(.dtors)
 *(.init0)
 .init0         0x0000000000000276        0x0 /usr/lib/gcc/avr/4.5.3/../../../avr/lib/avr5/crtm32u4.o
                0x0000000000000276                __init
 *(.init0)
 *(.init1)
 *(.init1)
 *(.init2)
 .init2         0x0000000000000276        0xc /usr/lib/gcc/avr/4.5.3/../../../avr/lib/avr5/crtm32u4.o
 *(.init2)
 *(.init3)
 *(.init3)
 *(.init4)
 .init4         0x0000000000000282       0x16 /usr/lib/gcc/avr/4.5.3/avr5/libgcc.a(_copy_data.o)
                0x0000000000000282                __do_copy_data
 .init4         0x0000000000000298       0x10 /usr/lib/gcc/avr/4.5.3/avr5/libgcc.a(_clear_bss.o)
                0x0000000000000298                __do_clear_bss
 *(.init4)
 *(.init5)
 *(.init5)
 *(.init6)
 *(.init6)
 *(.init7)
 *(.init7)
 *(.init8)
 *(.init8)
 *(.init9)
 .init9         0x00000000000002a8        0x6 /usr/lib/gcc/avr/4.5.3/../../../avr/lib/avr5/crtm32u4.o
 *(.init9)
 *(.text)
 .text          0x00000000000002ae        0x2 /usr/lib/gcc/avr/4.5.3/../../../avr/lib/avr5/crtm32u4.o
                0x00000000000002ae                __vector_38
                0x00000000000002ae                __vector_22
                0x00000000000002ae                __vector_28
                0x00000000000002ae                __vector_1
                0x00000000000002ae                __vector_32
                0x00000000000002ae                __vector_34
                0x00000000000002ae                __vector_24
                0x00000000000002ae                __vector_12
                0x00000000000002ae                __bad_interrupt
                0x00000000000002ae                __vector_6
                0x00000000000002ae                __vector_31
                0x00000000000002ae                __vector_35
                0x00000000000002ae                __vector_39
                0x00000000000002ae                __vector_3
                0x00000000000002ae                __vector_23
                0x00000000000002ae                __vector_30
                0x00000000000002ae                __vector_25
                0x00000000000002ae                __vector_13
                0x00000000000002ae                __vector_17
                0x00000000000002ae                __vector_19
                0x00000000000002ae                __vector_7
                0x00000000000002ae                __vector_41
                0x00000000000002ae                __vector_27
                0x00000000000002ae                __vector_5
                0x00000000000002ae                __vector_33
                0x00000000000002ae                __vector_37
                0x00000000000002ae                __vector_4
                0x00000000000002ae                __vector_9
                0x00000000000002ae                __vector_2
                0x00000000000002ae                __vector_21
                0x00000000000002ae                __vector_15
                0x00000000000002ae                __vector_36
                0x00000000000002ae                __vector_29
                0x00000000000002ae                __vector_40
                0x00000000000002ae                __vector_8
                0x00000000000002ae                __vector_26
                0x00000000000002ae                __vector_14
                0x00000000000002ae                __vector_16
                0x00000000000002ae                __vector_18
                0x00000000000002ae                __vector_20
                0x00000000000002ae                __vector_42
 .text          0x00000000000002b0      0x194 /usr/lib/gcc/avr/4.5.3/avr5/libgcc.a(_muldi3.o)
                0x00000000000002b0                __muldi3
 .text          0x0000000000000444       0xe2 /usr/lib/gcc/avr/4.5.3/avr5/libgcc.a(_lshrdi3.o)
                0x0000000000000444                __lshrdi3
 .text          0x0000000000000526       0xe2 /usr/lib/gcc/avr/4.5.3/avr5/libgcc.a(_ashldi3.o)
                0x0000000000000526                __ashldi3
                0x0000000000000608                . = ALIGN (0x2)
 *(.text.*)
 .text.StreamCallback_AbortOnMassStoreReset
                0x0000000000000608        0x6 MassStorage.o
                0x0000000000000608                StreamCallback_AbortOnMassStoreReset
 .text.data_logger_main
                0x000000000000060e       0x1c MassStorage.o
                0x000000000000060e                data_logger_main
 .text.SetupHardware
                0x000000000000062a       0x58 MassStorage.o
                0x000000000000062a                SetupHardware
 .text.EVENT_USB_Device_Connect
                0x0000000000000682        0x6 MassStorage.o
                0x0000000000000682                EVENT_USB_Device_Connect
 .text.EVENT_USB_Device_Disconnect
                0x0000000000000688        0x2 MassStorage.o
                0x0000000000000688                EVENT_USB_Device_Disconnect
 .text.EVENT_USB_Device_ConfigurationChanged
                0x000000000000068a       0x14 MassStorage.o
                0x000000000000068a                EVENT_USB_Device_ConfigurationChanged
 .text.EVENT_USB_Device_UnhandledControlRequest
                0x000000000000069e       0x56 MassStorage.o
                0x000000000000069e                EVENT_USB_Device_UnhandledControlRequest
 .text.MassStorage_Task
                0x00000000000006f4      0x1dc MassStorage.o
                0x00000000000006f4                MassStorage_Task
 .text.mass_storage_main
                0x00000000000008d0        0x8 MassStorage.o
                0x00000000000008d0                mass_storage_main
 .text.main     0x00000000000008d8       0x48 MassStorage.o
                0x00000000000008d8                main
 .text.CALLBACK_USB_GetDescriptor
                0x0000000000000920       0x5a Descriptors.o
                0x0000000000000920                CALLBACK_USB_GetDescriptor
 .text.SCSI_Command_Inquiry
                0x000000000000097a      0x10a Lib/SCSI.o
 .text.SCSI_Command_Request_Sense
                0x0000000000000a84       0xaa Lib/SCSI.o
 .text.SCSI_Command_ReadWrite_10
                0x0000000000000b2e       0xde Lib/SCSI.o
 .text.SCSI_DecodeSCSICommand
                0x0000000000000c0c      0x154 Lib/SCSI.o
                0x0000000000000c0c                SCSI_DecodeSCSICommand
 .text.SDCardManager_ReadBlockHandler
                0x0000000000000d60       0x9a Lib/SDCardManager.o
                0x0000000000000d60                SDCardManager_ReadBlockHandler
 .text.SDCardManager_WriteBlockHandler
                0x0000000000000dfa       0x9a Lib/SDCardManager.o
                0x0000000000000dfa                SDCardManager_WriteBlockHandler
 .text.SDCardManager_Init
                0x0000000000000e94       0xe0 Lib/SDCardManager.o
                0x0000000000000e94                SDCardManager_Init
 .text.UMeter_Init
                0x0000000000000f74       0x56 Lib/SDCardManager.o
                0x0000000000000f74                UMeter_Init
 .text.UMeter_Task
                0x0000000000000fca      0x1d0 Lib/SDCardManager.o
                0x0000000000000fca                UMeter_Task
 .text.SDCardManager_GetNbBlocks
                0x000000000000119a       0x8e Lib/SDCardManager.o
                0x000000000000119a                SDCardManager_GetNbBlocks
 .text.SDCardManager_WriteBlocks
                0x0000000000001228      0x106 Lib/SDCardManager.o
                0x0000000000001228                SDCardManager_WriteBlocks
 .text.SDCardManager_ReadBlocks
                0x000000000000132e      0x108 Lib/SDCardManager.o
                0x000000000000132e                SDCardManager_ReadBlocks
 .text.SDCardManager_CheckDataflashOperation
                0x0000000000001436        0x4 Lib/SDCardManager.o
                0x0000000000001436                SDCardManager_CheckDataflashOperation
 .text.sd_raw_send_byte
                0x000000000000143a       0x10 Lib/sd_raw.o
 .text.sd_raw_rec_byte
                0x000000000000144a       0x14 Lib/sd_raw.o
 .text.sd_raw_send_command
                0x000000000000145e       0x6c Lib/sd_raw.o
 .text.sd_raw_available
                0x00000000000014ca        0x4 Lib/sd_raw.o
                0x00000000000014ca                sd_raw_available
 .text.sd_raw_locked
                0x00000000000014ce        0x4 Lib/sd_raw.o
                0x00000000000014ce                sd_raw_locked
 .text.sd_raw_sync
                0x00000000000014d2       0x58 Lib/sd_raw.o
                0x00000000000014d2                sd_raw_sync
 .text.sd_raw_read
                0x000000000000152a      0x32e Lib/sd_raw.o
                0x000000000000152a                sd_raw_read
 .text.sd_raw_read_interval
                0x0000000000001858      0x18e Lib/sd_raw.o
                0x0000000000001858                sd_raw_read_interval
 .text.sd_raw_init
                0x00000000000019e6      0x1a0 Lib/sd_raw.o
                0x00000000000019e6                sd_raw_init
 .text.sd_raw_write
                0x0000000000001b86      0x36a Lib/sd_raw.o
                0x0000000000001b86                sd_raw_write
 .text.sd_raw_write_interval
                0x0000000000001ef0      0x17a Lib/sd_raw.o
                0x0000000000001ef0                sd_raw_write_interval
 .text.sd_raw_get_info
                0x000000000000206a      0x254 Lib/sd_raw.o
                0x000000000000206a                sd_raw_get_info
 .text.partition_open
                0x00000000000022be      0x1c2 Lib/partition.o
                0x00000000000022be                partition_open
 .text.fat_get_next_cluster
                0x0000000000002480      0x2d6 Lib/fat.o
 .text.fat_free_clusters
                0x0000000000002756      0x39a Lib/fat.o
 .text.fat_append_clusters
                0x0000000000002af0      0x64e Lib/fat.o
 .text.fat_clear_cluster_callback
                0x000000000000313e        0x6 Lib/fat.o
 .text.fat_cluster_offset
                0x0000000000003144      0x152 Lib/fat.o
 .text.fat_dir_entry_read_callback
                0x0000000000003296      0x27c Lib/fat.o
 .text.fat_clear_cluster
                0x0000000000003512       0x8c Lib/fat.o
 .text.fat_write_dir_entry
                0x000000000000359e      0x3d0 Lib/fat.o
 .text.fat_find_offset_for_dir_entry.clone.0
                0x000000000000396e      0x500 Lib/fat.o
 .text.fat_open
                0x0000000000003e6e      0x7c2 Lib/fat.o
                0x0000000000003e6e                fat_open
 .text.fat_open_file
                0x0000000000004630       0x88 Lib/fat.o
                0x0000000000004630                fat_open_file
 .text.fat_close_file
                0x00000000000046b8        0xc Lib/fat.o
                0x00000000000046b8                fat_close_file
 .text.fat_read_file
                0x00000000000046c4      0x592 Lib/fat.o
                0x00000000000046c4                fat_read_file
 .text.fat_write_file
                0x0000000000004c56      0x650 Lib/fat.o
                0x0000000000004c56                fat_write_file
 .text.fat_open_dir
                0x00000000000052a6       0x82 Lib/fat.o
                0x00000000000052a6                fat_open_dir
 .text.fat_close_dir
                0x0000000000005328        0xc Lib/fat.o
                0x0000000000005328                fat_close_dir
 .text.fat_read_dir
                0x0000000000005334      0x214 Lib/fat.o
                0x0000000000005334                fat_read_dir
 .text.fat_get_dir_entry_of_path
                0x0000000000005548      0x110 Lib/fat.o
                0x0000000000005548                fat_get_dir_entry_of_path
 .text.fat_reset_dir
                0x0000000000005658       0x22 Lib/fat.o
                0x0000000000005658                fat_reset_dir
 .text.fat_create_file
                0x000000000000567a       0xc8 Lib/fat.o
                0x000000000000567a                fat_create_file
 .text.adc_init
                0x0000000000005742       0x3a Lib/umeter_adc.o
                0x0000000000005742                adc_init
 .text.adc_conversion
                0x000000000000577c       0x2c Lib/umeter_adc.o
                0x000000000000577c                adc_conversion
 .text.select_adc
                0x00000000000057a8       0x10 Lib/umeter_adc.o
                0x00000000000057a8                select_adc
 .text.select_sensor
                0x00000000000057b8       0x34 Lib/umeter_adc.o
                0x00000000000057b8                select_sensor
 .text.float2str
                0x00000000000057ec       0x96 Lib/umeter_adc.o
                0x00000000000057ec                float2str
 .text.SerialStream_TxByte
                0x0000000000005882       0x12 ../LUFA_091223/LUFA/Drivers/Peripheral/SerialStream.o
 .text.SerialStream_RxByte
                0x0000000000005894       0x10 ../LUFA_091223/LUFA/Drivers/Peripheral/SerialStream.o
 .text.USB_Device_ProcessControlRequest
                0x00000000000058a4      0x246 ../LUFA_091223/LUFA/Drivers/USB/LowLevel/DevChapter9.o
                0x00000000000058a4                USB_Device_ProcessControlRequest
 .text.Endpoint_ConfigureEndpoint_Prv
                0x0000000000005aea       0x26 ../LUFA_091223/LUFA/Drivers/USB/LowLevel/Endpoint.o
                0x0000000000005aea                Endpoint_ConfigureEndpoint_Prv
 .text.Endpoint_ClearEndpoints
                0x0000000000005b10       0x2e ../LUFA_091223/LUFA/Drivers/USB/LowLevel/Endpoint.o
                0x0000000000005b10                Endpoint_ClearEndpoints
 .text.Endpoint_ClearStatusStage
                0x0000000000005b3e       0x4a ../LUFA_091223/LUFA/Drivers/USB/LowLevel/Endpoint.o
                0x0000000000005b3e                Endpoint_ClearStatusStage
 .text.Endpoint_WaitUntilReady
                0x0000000000005b88       0x56 ../LUFA_091223/LUFA/Drivers/USB/LowLevel/Endpoint.o
                0x0000000000005b88                Endpoint_WaitUntilReady
 .text.Endpoint_Write_Stream_LE
                0x0000000000005bde       0x96 ../LUFA_091223/LUFA/Drivers/USB/LowLevel/Endpoint.o
                0x0000000000005bde                Endpoint_Write_Stream_LE
 .text.Endpoint_Read_Stream_LE
                0x0000000000005c74       0x96 ../LUFA_091223/LUFA/Drivers/USB/LowLevel/Endpoint.o
                0x0000000000005c74                Endpoint_Read_Stream_LE
 .text.Endpoint_Write_Control_PStream_LE
                0x0000000000005d0a       0xd0 ../LUFA_091223/LUFA/Drivers/USB/LowLevel/Endpoint.o
                0x0000000000005d0a                Endpoint_Write_Control_PStream_LE
 .text.USB_ResetInterface
                0x0000000000005dda       0x96 ../LUFA_091223/LUFA/Drivers/USB/LowLevel/LowLevel.o
                0x0000000000005dda                USB_ResetInterface
 .text.USB_Init
                0x0000000000005e70       0x16 ../LUFA_091223/LUFA/Drivers/USB/LowLevel/LowLevel.o
                0x0000000000005e70                USB_Init
 .text.USB_Event_Stub
                0x0000000000005e86        0x2 ../LUFA_091223/LUFA/Drivers/USB/HighLevel/Events.o
                0x0000000000005e86                EVENT_USB_Device_WakeUp
                0x0000000000005e86                USB_Event_Stub
                0x0000000000005e86                EVENT_USB_Device_Suspend
                0x0000000000005e86                EVENT_USB_Device_StartOfFrame
                0x0000000000005e86                EVENT_USB_Device_Reset
 .text.USB_INT_DisableAllInterrupts
                0x0000000000005e88       0x10 ../LUFA_091223/LUFA/Drivers/USB/HighLevel/USBInterrupt.o
                0x0000000000005e88                USB_INT_DisableAllInterrupts
 .text.USB_INT_ClearAllInterrupts
                0x0000000000005e98        0xa ../LUFA_091223/LUFA/Drivers/USB/HighLevel/USBInterrupt.o
                0x0000000000005e98                USB_INT_ClearAllInterrupts
 .text.__vector_10
                0x0000000000005ea2      0x18c ../LUFA_091223/LUFA/Drivers/USB/HighLevel/USBInterrupt.o
                0x0000000000005ea2                __vector_10
 .text.__vector_11
                0x000000000000602e       0x66 ../LUFA_091223/LUFA/Drivers/USB/HighLevel/USBInterrupt.o
                0x000000000000602e                __vector_11
 .text.USB_USBTask
                0x0000000000006094       0x26 ../LUFA_091223/LUFA/Drivers/USB/HighLevel/USBTask.o
                0x0000000000006094                USB_USBTask
 .text.avr-libc.fplib
                0x00000000000060ba        0xa /usr/lib/gcc/avr/4.5.3/../../../avr/lib/avr5/libm.a(addsf3.o)
                0x00000000000060ba                __subsf3
                0x00000000000060bc                __addsf3
 .text.avr-libc.fplib
                0x00000000000060c4       0xc0 /usr/lib/gcc/avr/4.5.3/../../../avr/lib/avr5/libm.a(addsf3x.o)
                0x00000000000060de                __addsf3x
 .text.avr-libc.fplib
                0x0000000000006184        0x4 /usr/lib/gcc/avr/4.5.3/../../../avr/lib/avr5/libm.a(divsf3.o)
                0x0000000000006184                __divsf3
 .text.avr-libc.fplib
                0x0000000000006188       0xcc /usr/lib/gcc/avr/4.5.3/../../../avr/lib/avr5/libm.a(divsf3x.o)
                0x000000000000619e                __divsf3x
                0x00000000000061a2                __divsf3_pse
 .text.avr-libc.fplib
                0x0000000000006254        0xa /usr/lib/gcc/avr/4.5.3/../../../avr/lib/avr5/libm.a(fixsfsi.o)
                0x0000000000006254                __fixsfsi
 .text.avr-libc.fplib
                0x000000000000625e       0x58 /usr/lib/gcc/avr/4.5.3/../../../avr/lib/avr5/libm.a(fixunssfsi.o)
                0x000000000000625e                __fixunssfsi
 .text.avr-libc.fplib
                0x00000000000062b6       0x7a /usr/lib/gcc/avr/4.5.3/../../../avr/lib/avr5/libm.a(floatsisf.o)
                0x00000000000062b6                __floatunsisf
                0x00000000000062ba                __floatsisf
 .text.avr-libc.fplib
                0x0000000000006330        0xc /usr/lib/gcc/avr/4.5.3/../../../avr/lib/avr5/libm.a(fp_inf.o)
                0x0000000000006330                __fp_inf
 .text.avr-libc.fplib
                0x000000000000633c        0x6 /usr/lib/gcc/avr/4.5.3/../../../avr/lib/avr5/libm.a(fp_nan.o)
                0x000000000000633c                __fp_nan
 .text.avr-libc.fplib
                0x0000000000006342        0xe /usr/lib/gcc/avr/4.5.3/../../../avr/lib/avr5/libm.a(fp_pscA.o)
                0x0000000000006342                __fp_pscA
 .text.avr-libc.fplib
                0x0000000000006350        0xe /usr/lib/gcc/avr/4.5.3/../../../avr/lib/avr5/libm.a(fp_pscB.o)
                0x0000000000006350                __fp_pscB
 .text.avr-libc.fplib
                0x000000000000635e       0x22 /usr/lib/gcc/avr/4.5.3/../../../avr/lib/avr5/libm.a(fp_round.o)
                0x000000000000635e                __fp_round
 .text.avr-libc.fplib
                0x0000000000006380       0x44 /usr/lib/gcc/avr/4.5.3/../../../avr/lib/avr5/libm.a(fp_split3.o)
                0x0000000000006380                __fp_split3
                0x0000000000006390                __fp_splitA
 .text.avr-libc.fplib
                0x00000000000063c4        0xe /usr/lib/gcc/avr/4.5.3/../../../avr/lib/avr5/libm.a(fp_zero.o)
                0x00000000000063c4                __fp_zero
                0x00000000000063c6                __fp_szero
 .text.avr-libc.fplib
                0x00000000000063d2        0x4 /usr/lib/gcc/avr/4.5.3/../../../avr/lib/avr5/libm.a(mulsf3.o)
                0x00000000000063d2                __mulsf3
 .text.avr-libc.fplib
                0x00000000000063d6       0xc2 /usr/lib/gcc/avr/4.5.3/../../../avr/lib/avr5/libm.a(mulsf3x.o)
                0x00000000000063ea                __mulsf3x
                0x00000000000063ee                __mulsf3_pse
 .text.libgcc   0x0000000000006498       0x3e /usr/lib/gcc/avr/4.5.3/avr5/libgcc.a(_mulsi3.o)
                0x0000000000006498                __mulsi3
 .text.libgcc   0x00000000000064d6       0x28 /usr/lib/gcc/avr/4.5.3/avr5/libgcc.a(_udivmodhi4.o)
                0x00000000000064d6                __udivmodhi4
 .text.libgcc   0x00000000000064fe       0x26 /usr/lib/gcc/avr/4.5.3/avr5/libgcc.a(_divmodhi4.o)
                0x00000000000064fe                __divmodhi4
                0x00000000000064fe                _div
 .text.libgcc   0x0000000000006524       0x44 /usr/lib/gcc/avr/4.5.3/avr5/libgcc.a(_udivmodsi4.o)
                0x0000000000006524                __udivmodsi4
 .text.libgcc   0x0000000000006568       0x38 /usr/lib/gcc/avr/4.5.3/avr5/libgcc.a(_prologue.o)
                0x0000000000006568                __prologue_saves__
 .text.libgcc   0x00000000000065a0       0x36 /usr/lib/gcc/avr/4.5.3/avr5/libgcc.a(_epilogue.o)
                0x00000000000065a0                __epilogue_restores__
 .text.avr-libc
                0x00000000000065d6       0x12 /usr/lib/gcc/avr/4.5.3/../../../avr/lib/avr5/libc.a(memcpy.o)
                0x00000000000065d6                memcpy
 .text.avr-libc
                0x00000000000065e8        0xe /usr/lib/gcc/avr/4.5.3/../../../avr/lib/avr5/libc.a(memset.o)
                0x00000000000065e8                memset
 .text.avr-libc
                0x00000000000065f6       0x16 /usr/lib/gcc/avr/4.5.3/../../../avr/lib/avr5/libc.a(strchr.o)
                0x00000000000065f6                strchr
 .text.avr-libc
                0x000000000000660c       0x12 /usr/lib/gcc/avr/4.5.3/../../../avr/lib/avr5/libc.a(strcmp.o)
                0x000000000000660c                strcmp
 .text.avr-libc
                0x000000000000661e       0x1c /usr/lib/gcc/avr/4.5.3/../../../avr/lib/avr5/libc.a(strncmp.o)
                0x000000000000661e                strncmp
 .text.avr-libc
                0x000000000000663a       0x1e /usr/lib/gcc/avr/4.5.3/../../../avr/lib/avr5/libc.a(strncpy.o)
                0x000000000000663a                strncpy
 .text.avr-libc
                0x0000000000006658       0x16 /usr/lib/gcc/avr/4.5.3/../../../avr/lib/avr5/libc.a(strrchr.o)
                0x0000000000006658                strrchr
 .text.avr-libc
                0x000000000000666e       0x24 /usr/lib/gcc/avr/4.5.3/../../../avr/lib/avr5/libc.a(printf.o)
                0x000000000000666e                printf
 .text.avr-libc
                0x0000000000006692       0x40 /usr/lib/gcc/avr/4.5.3/../../../avr/lib/avr5/libc.a(printf_p.o)
                0x0000000000006692                printf_P
 .text.avr-libc
                0x00000000000066d2       0x68 /usr/lib/gcc/avr/4.5.3/../../../avr/lib/avr5/libc.a(puts.o)
                0x00000000000066d2                puts
 .text.avr-libc
                0x000000000000673a       0x40 /usr/lib/gcc/avr/4.5.3/../../../avr/lib/avr5/libc.a(sprintf.o)
                0x000000000000673a                sprintf
 .text.avr-libc
                0x000000000000677a      0x3b0 /usr/lib/gcc/avr/4.5.3/../../../avr/lib/avr5/libc.a(vfprintf_std.o)
                0x000000000000677a                vfprintf
 .text.avr-libc
                0x0000000000006b2a       0x16 /usr/lib/gcc/avr/4.5.3/../../../avr/lib/avr5/libc.a(strnlen_P.o)
                0x0000000000006b2a                strnlen_P
 .text.avr-libc
                0x0000000000006b40       0x16 /usr/lib/gcc/avr/4.5.3/../../../avr/lib/avr5/libc.a(strnlen.o)
                0x0000000000006b40                strnlen
 .text.avr-libc
                0x0000000000006b56       0x58 /usr/lib/gcc/avr/4.5.3/../../../avr/lib/avr5/libc.a(fputc.o)
                0x0000000000006b56                fputc
 .text.avr-libc
                0x0000000000006bae       0xbc /usr/lib/gcc/avr/4.5.3/../../../avr/lib/avr5/libc.a(ultoa_invert.o)
                0x0000000000006bae                __ultoa_invert
                0x0000000000006c6a                . = ALIGN (0x2)
 *(.fini9)
 .fini9         0x0000000000006c6a        0x0 /usr/lib/gcc/avr/4.5.3/avr5/libgcc.a(_exit.o)
                0x0000000000006c6a                exit
                0x0000000000006c6a                _exit
 *(.fini9)
 *(.fini8)
 *(.fini8)
 *(.fini7)
 *(.fini7)
 *(.fini6)
 *(.fini6)
 *(.fini5)
 *(.fini5)
 *(.fini4)
 *(.fini4)
 *(.fini3)
 *(.fini3)
 *(.fini2)
 *(.fini2)
 *(.fini1)
 *(.fini1)
 *(.fini0)
 .fini0         0x0000000000006c6a        0x4 /usr/lib/gcc/avr/4.5.3/avr5/libgcc.a(_exit.o)
 *(.fini0)
                0x0000000000006c6e                _etext = .

.data           0x0000000000800100       0x8a load address 0x0000000000006c6e
                0x0000000000800100                PROVIDE (__data_start, .)
 *(.data)
 .data          0x0000000000800100        0xd MassStorage.o
                0x0000000000800100                CommandStatus
 .data          0x000000000080010d       0x36 Lib/SCSI.o
                0x000000000080010d                InquiryData
                0x0000000000800131                SenseData
 .data          0x0000000000800143       0x22 Lib/SDCardManager.o
 .data          0x0000000000800165        0xd Lib/fat.o
 .data          0x0000000000800172        0x9 Lib/umeter_adc.o
 .data          0x000000000080017b        0xe ../LUFA_091223/LUFA/Drivers/Peripheral/SerialStream.o
                0x000000000080017b                USARTStream
 *(.data*)
 *(.rodata)
 *(.rodata*)
 *(.gnu.linkonce.d*)
                0x000000000080018a                . = ALIGN (0x2)
 *fill*         0x0000000000800189        0x1 00
                0x000000000080018a                _edata = .
                0x000000000080018a                PROVIDE (__data_end, .)

.bss            0x000000000080018a      0x362
                0x000000000080018a                PROVIDE (__bss_start, .)
 *(.bss)
 .bss           0x000000000080018a        0x1 MassStorage.o
                0x000000000080018a                IsMassStoreReset
 .bss           0x000000000080018b       0x35 Lib/SDCardManager.o
 .bss           0x00000000008001c0      0x20a Lib/sd_raw.o
 .bss           0x00000000008003ca       0x11 Lib/partition.o
 .bss           0x00000000008003db       0xdf Lib/fat.o
 *(.bss*)
 *(COMMON)
 COMMON         0x00000000008004ba       0x1f MassStorage.o
                0x00000000008004ba                CommandBlock
 COMMON         0x00000000008004d9        0x3 ../LUFA_091223/LUFA/Drivers/USB/LowLevel/DevChapter9.o
                0x00000000008004d9                USB_CurrentlySelfPowered
                0x00000000008004da                USB_RemoteWakeupEnabled
                0x00000000008004db                USB_ConfigurationNumber
 COMMON         0x00000000008004dc        0xa ../LUFA_091223/LUFA/Drivers/USB/HighLevel/USBTask.o
                0x00000000008004dc                USB_IsInitialized
                0x00000000008004dd                USB_DeviceState
                0x00000000008004de                USB_ControlRequest
 COMMON         0x00000000008004e6        0x6 /usr/lib/gcc/avr/4.5.3/../../../avr/lib/avr5/libc.a(iob.o)
                0x00000000008004e6                __iob
                0x00000000008004ec                PROVIDE (__bss_end, .)
                0x0000000000006c6e                __data_load_start = LOADADDR (.data)
                0x0000000000006cf8                __data_load_end = (__data_load_start + SIZEOF (.data))

.noinit         0x00000000008004ec        0x0
                0x00000000008004ec                PROVIDE (__noinit_start, .)
 *(.noinit*)
                0x00000000008004ec                PROVIDE (__noinit_end, .)
                0x00000000008004ec                _end = .
                0x00000000008004ec                PROVIDE (__heap_start, .)

.eeprom         0x0000000000810000        0x0
 *(.eeprom*)
                0x0000000000810000                __eeprom_end = .

.fuse
 *(.fuse)
 *(.lfuse)
 *(.hfuse)
 *(.efuse)

.lock
 *(.lock*)

.signature
 *(.signature*)

.stab           0x0000000000000000     0x43c8
 *(.stab)
 .stab          0x0000000000000000      0x6cc /usr/lib/gcc/avr/4.5.3/../../../avr/lib/avr5/crtm32u4.o
 .stab          0x00000000000006cc       0x78 /usr/lib/gcc/avr/4.5.3/../../../avr/lib/avr5/libm.a(addsf3.o)
                                         0x84 (size before relaxing)
 .stab          0x0000000000000744      0x4bc /usr/lib/gcc/avr/4.5.3/../../../avr/lib/avr5/libm.a(addsf3x.o)
                                        0x4c8 (size before relaxing)
 .stab          0x0000000000000c00       0x48 /usr/lib/gcc/avr/4.5.3/../../../avr/lib/avr5/libm.a(divsf3.o)
                                         0x54 (size before relaxing)
 .stab          0x0000000000000c48      0x510 /usr/lib/gcc/avr/4.5.3/../../../avr/lib/avr5/libm.a(divsf3x.o)
                                        0x51c (size before relaxing)
 .stab          0x0000000000001158       0x6c /usr/lib/gcc/avr/4.5.3/../../../avr/lib/avr5/libm.a(fixsfsi.o)
                                         0x78 (size before relaxing)
 .stab          0x00000000000011c4      0x240 /usr/lib/gcc/avr/4.5.3/../../../avr/lib/avr5/libm.a(fixunssfsi.o)
                                        0x24c (size before relaxing)
 .stab          0x0000000000001404      0x318 /usr/lib/gcc/avr/4.5.3/../../../avr/lib/avr5/libm.a(floatsisf.o)
                                        0x324 (size before relaxing)
 .stab          0x000000000000171c       0x78 /usr/lib/gcc/avr/4.5.3/../../../avr/lib/avr5/libm.a(fp_inf.o)
                                         0x84 (size before relaxing)
 .stab          0x0000000000001794       0x54 /usr/lib/gcc/avr/4.5.3/../../../avr/lib/avr5/libm.a(fp_nan.o)
                                         0x60 (size before relaxing)
 .stab          0x00000000000017e8       0x84 /usr/lib/gcc/avr/4.5.3/../../../avr/lib/avr5/libm.a(fp_pscA.o)
                                         0x90 (size before relaxing)
 .stab          0x000000000000186c       0x84 /usr/lib/gcc/avr/4.5.3/../../../avr/lib/avr5/libm.a(fp_pscB.o)
                                         0x90 (size before relaxing)
 .stab          0x00000000000018f0       0xfc /usr/lib/gcc/avr/4.5.3/../../../avr/lib/avr5/libm.a(fp_round.o)
                                        0x108 (size before relaxing)
 .stab          0x00000000000019ec      0x1d4 /usr/lib/gcc/avr/4.5.3/../../../avr/lib/avr5/libm.a(fp_split3.o)
                                        0x1e0 (size before relaxing)
 .stab          0x0000000000001bc0       0x90 /usr/lib/gcc/avr/4.5.3/../../../avr/lib/avr5/libm.a(fp_zero.o)
                                         0x9c (size before relaxing)
 .stab          0x0000000000001c50       0x48 /usr/lib/gcc/avr/4.5.3/../../../avr/lib/avr5/libm.a(mulsf3.o)
                                         0x54 (size before relaxing)
 .stab          0x0000000000001c98      0x4d4 /usr/lib/gcc/avr/4.5.3/../../../avr/lib/avr5/libm.a(mulsf3x.o)
                                        0x4e0 (size before relaxing)
 .stab          0x000000000000216c       0x84 /usr/lib/gcc/avr/4.5.3/../../../avr/lib/avr5/libc.a(memcpy.o)
                                         0x90 (size before relaxing)
 .stab          0x00000000000021f0       0x6c /usr/lib/gcc/avr/4.5.3/../../../avr/lib/avr5/libc.a(memset.o)
                                         0x78 (size before relaxing)
 .stab          0x000000000000225c       0x9c /usr/lib/gcc/avr/4.5.3/../../../avr/lib/avr5/libc.a(strchr.o)
                                         0xa8 (size before relaxing)
 .stab          0x00000000000022f8       0x84 /usr/lib/gcc/avr/4.5.3/../../../avr/lib/avr5/libc.a(strcmp.o)
                                         0x90 (size before relaxing)
 .stab          0x000000000000237c       0xc0 /usr/lib/gcc/avr/4.5.3/../../../avr/lib/avr5/libc.a(strncmp.o)
                                         0xcc (size before relaxing)
 .stab          0x000000000000243c       0xcc /usr/lib/gcc/avr/4.5.3/../../../avr/lib/avr5/libc.a(strncpy.o)
                                         0xd8 (size before relaxing)
 .stab          0x0000000000002508       0x9c /usr/lib/gcc/avr/4.5.3/../../../avr/lib/avr5/libc.a(strrchr.o)
                                         0xa8 (size before relaxing)
 .stab          0x00000000000025a4      0x300 /usr/lib/gcc/avr/4.5.3/../../../avr/lib/avr5/libc.a(iob.o)
                                        0x30c (size before relaxing)
 .stab          0x00000000000028a4      0x18c /usr/lib/gcc/avr/4.5.3/../../../avr/lib/avr5/libc.a(printf.o)
                                        0x36c (size before relaxing)
 .stab          0x0000000000002a30      0x1a4 /usr/lib/gcc/avr/4.5.3/../../../avr/lib/avr5/libc.a(printf_p.o)
                                        0x384 (size before relaxing)
 .stab          0x0000000000002bd4      0x1f8 /usr/lib/gcc/avr/4.5.3/../../../avr/lib/avr5/libc.a(puts.o)
                                        0x3d8 (size before relaxing)
 .stab          0x0000000000002dcc      0x1f8 /usr/lib/gcc/avr/4.5.3/../../../avr/lib/avr5/libc.a(sprintf.o)
                                        0x3d8 (size before relaxing)
 .stab          0x0000000000002fc4      0xaf8 /usr/lib/gcc/avr/4.5.3/../../../avr/lib/avr5/libc.a(vfprintf_std.o)
                                        0xcd8 (size before relaxing)
 .stab          0x0000000000003abc       0x90 /usr/lib/gcc/avr/4.5.3/../../../avr/lib/avr5/libc.a(eerd_byte_atmega32u4.o)
                                         0x9c (size before relaxing)
 .stab          0x0000000000003b4c       0xe4 /usr/lib/gcc/avr/4.5.3/../../../avr/lib/avr5/libc.a(eewr_byte_atmega32u4.o)
                                         0xf0 (size before relaxing)
 .stab          0x0000000000003c30       0x9c /usr/lib/gcc/avr/4.5.3/../../../avr/lib/avr5/libc.a(strnlen_P.o)
                                         0xa8 (size before relaxing)
 .stab          0x0000000000003ccc       0x9c /usr/lib/gcc/avr/4.5.3/../../../avr/lib/avr5/libc.a(strnlen.o)
                                         0xa8 (size before relaxing)
 .stab          0x0000000000003d68      0x1e0 /usr/lib/gcc/avr/4.5.3/../../../avr/lib/avr5/libc.a(fputc.o)
                                        0x3c0 (size before relaxing)
 .stab          0x0000000000003f48      0x480 /usr/lib/gcc/avr/4.5.3/../../../avr/lib/avr5/libc.a(ultoa_invert.o)
                                        0x48c (size before relaxing)

.stabstr        0x0000000000000000     0x121b
 *(.stabstr)
 .stabstr       0x0000000000000000     0x121b /usr/lib/gcc/avr/4.5.3/../../../avr/lib/avr5/crtm32u4.o

.stab.excl
 *(.stab.excl)

.stab.exclstr
 *(.stab.exclstr)

.stab.index
 *(.stab.index)

.stab.indexstr
 *(.stab.indexstr)

.comment
 *(.comment)

.debug
 *(.debug)

.line
 *(.line)

.debug_srcinfo
 *(.debug_srcinfo)

.debug_sfnames
 *(.debug_sfnames)

.debug_aranges  0x0000000000000000      0x510
 *(.debug_aranges)
 .debug_aranges
                0x0000000000000000       0x68 MassStorage.o
 .debug_aranges
                0x0000000000000068       0x20 Descriptors.o
 .debug_aranges
                0x0000000000000088       0x38 Lib/SCSI.o
 .debug_aranges
                0x00000000000000c0       0x60 Lib/SDCardManager.o
 .debug_aranges
                0x0000000000000120       0x78 Lib/sd_raw.o
 .debug_aranges
                0x0000000000000198       0x28 Lib/partition.o
 .debug_aranges
                0x00000000000001c0      0x100 Lib/fat.o
 .debug_aranges
                0x00000000000002c0       0x40 Lib/umeter_adc.o
 .debug_aranges
                0x0000000000000300       0x28 ../LUFA_091223/LUFA/Drivers/Peripheral/SerialStream.o
 .debug_aranges
                0x0000000000000328       0x20 ../LUFA_091223/LUFA/Drivers/USB/LowLevel/DevChapter9.o
 .debug_aranges
                0x0000000000000348       0xe8 ../LUFA_091223/LUFA/Drivers/USB/LowLevel/Endpoint.o
 .debug_aranges
                0x0000000000000430       0x30 ../LUFA_091223/LUFA/Drivers/USB/LowLevel/LowLevel.o
 .debug_aranges
                0x0000000000000460       0x20 ../LUFA_091223/LUFA/Drivers/USB/HighLevel/Events.o
 .debug_aranges
                0x0000000000000480       0x38 ../LUFA_091223/LUFA/Drivers/USB/HighLevel/USBInterrupt.o
 .debug_aranges
                0x00000000000004b8       0x20 ../LUFA_091223/LUFA/Drivers/USB/HighLevel/USBTask.o
 .debug_aranges
                0x00000000000004d8       0x38 ../LUFA_091223/LUFA/Drivers/USB/HighLevel/ConfigDescriptor.o

.debug_pubnames
                0x0000000000000000      0xc0c
 *(.debug_pubnames)
 .debug_pubnames
                0x0000000000000000      0x162 MassStorage.o
 .debug_pubnames
                0x0000000000000162       0x9e Descriptors.o
 .debug_pubnames
                0x0000000000000200       0x4b Lib/SCSI.o
 .debug_pubnames
                0x000000000000024b      0x113 Lib/SDCardManager.o
 .debug_pubnames
                0x000000000000035e       0xc1 Lib/sd_raw.o
 .debug_pubnames
                0x000000000000041f       0x39 Lib/partition.o
 .debug_pubnames
                0x0000000000000458      0x164 Lib/fat.o
 .debug_pubnames
                0x00000000000005bc       0x61 Lib/umeter_adc.o
 .debug_pubnames
                0x000000000000061d       0x22 ../LUFA_091223/LUFA/Drivers/Peripheral/SerialStream.o
 .debug_pubnames
                0x000000000000063f       0x8c ../LUFA_091223/LUFA/Drivers/USB/LowLevel/DevChapter9.o
 .debug_pubnames
                0x00000000000006cb      0x365 ../LUFA_091223/LUFA/Drivers/USB/LowLevel/Endpoint.o
 .debug_pubnames
                0x0000000000000a30       0x47 ../LUFA_091223/LUFA/Drivers/USB/LowLevel/LowLevel.o
 .debug_pubnames
                0x0000000000000a77       0x25 ../LUFA_091223/LUFA/Drivers/USB/HighLevel/Events.o
 .debug_pubnames
                0x0000000000000a9c       0x72 ../LUFA_091223/LUFA/Drivers/USB/HighLevel/USBInterrupt.o
 .debug_pubnames
                0x0000000000000b0e       0x63 ../LUFA_091223/LUFA/Drivers/USB/HighLevel/USBTask.o
 .debug_pubnames
                0x0000000000000b71       0x9b ../LUFA_091223/LUFA/Drivers/USB/HighLevel/ConfigDescriptor.o

.debug_info     0x0000000000000000     0x6645
 *(.debug_info)
 .debug_info    0x0000000000000000      0x7bd MassStorage.o
 .debug_info    0x00000000000007bd      0x582 Descriptors.o
 .debug_info    0x0000000000000d3f      0x784 Lib/SCSI.o
 .debug_info    0x00000000000014c3      0xc41 Lib/SDCardManager.o
 .debug_info    0x0000000000002104      0x6f0 Lib/sd_raw.o
 .debug_info    0x00000000000027f4      0x343 Lib/partition.o
 .debug_info    0x0000000000002b37     0x17f0 Lib/fat.o
 .debug_info    0x0000000000004327       0x5e Lib/byteordering.o
 .debug_info    0x0000000000004385      0x178 Lib/umeter_adc.o
 .debug_info    0x00000000000044fd      0x245 ../LUFA_091223/LUFA/Drivers/Peripheral/SerialStream.o
 .debug_info    0x0000000000004742      0x49f ../LUFA_091223/LUFA/Drivers/USB/LowLevel/DevChapter9.o
 .debug_info    0x0000000000004be1     0x1189 ../LUFA_091223/LUFA/Drivers/USB/LowLevel/Endpoint.o
 .debug_info    0x0000000000005d6a        0x0 ../LUFA_091223/LUFA/Drivers/USB/LowLevel/Host.o
 .debug_info    0x0000000000005d6a        0x0 ../LUFA_091223/LUFA/Drivers/USB/LowLevel/HostChapter9.o
 .debug_info    0x0000000000005d6a      0x1a1 ../LUFA_091223/LUFA/Drivers/USB/LowLevel/LowLevel.o
 .debug_info    0x0000000000005f0b        0x0 ../LUFA_091223/LUFA/Drivers/USB/LowLevel/Pipe.o
 .debug_info    0x0000000000005f0b       0x77 ../LUFA_091223/LUFA/Drivers/USB/HighLevel/Events.o
 .debug_info    0x0000000000005f82      0x194 ../LUFA_091223/LUFA/Drivers/USB/HighLevel/USBInterrupt.o
 .debug_info    0x0000000000006116      0x1bd ../LUFA_091223/LUFA/Drivers/USB/HighLevel/USBTask.o
 .debug_info    0x00000000000062d3      0x372 ../LUFA_091223/LUFA/Drivers/USB/HighLevel/ConfigDescriptor.o
 *(.gnu.linkonce.wi.*)

.debug_abbrev   0x0000000000000000     0x18e6
 *(.debug_abbrev)
 .debug_abbrev  0x0000000000000000      0x2c2 MassStorage.o
 .debug_abbrev  0x00000000000002c2      0x155 Descriptors.o
 .debug_abbrev  0x0000000000000417      0x253 Lib/SCSI.o
 .debug_abbrev  0x000000000000066a      0x321 Lib/SDCardManager.o
 .debug_abbrev  0x000000000000098b      0x1c5 Lib/sd_raw.o
 .debug_abbrev  0x0000000000000b50       0xe7 Lib/partition.o
 .debug_abbrev  0x0000000000000c37      0x280 Lib/fat.o
 .debug_abbrev  0x0000000000000eb7       0x2a Lib/byteordering.o
 .debug_abbrev  0x0000000000000ee1       0xfe Lib/umeter_adc.o
 .debug_abbrev  0x0000000000000fdf      0x177 ../LUFA_091223/LUFA/Drivers/Peripheral/SerialStream.o
 .debug_abbrev  0x0000000000001156      0x1ae ../LUFA_091223/LUFA/Drivers/USB/LowLevel/DevChapter9.o
 .debug_abbrev  0x0000000000001304      0x1cc ../LUFA_091223/LUFA/Drivers/USB/LowLevel/Endpoint.o
 .debug_abbrev  0x00000000000014d0        0x1 ../LUFA_091223/LUFA/Drivers/USB/LowLevel/Host.o
 .debug_abbrev  0x00000000000014d1        0x1 ../LUFA_091223/LUFA/Drivers/USB/LowLevel/HostChapter9.o
 .debug_abbrev  0x00000000000014d2       0xb4 ../LUFA_091223/LUFA/Drivers/USB/LowLevel/LowLevel.o
 .debug_abbrev  0x0000000000001586        0x1 ../LUFA_091223/LUFA/Drivers/USB/LowLevel/Pipe.o
 .debug_abbrev  0x0000000000001587       0x41 ../LUFA_091223/LUFA/Drivers/USB/HighLevel/Events.o
 .debug_abbrev  0x00000000000015c8       0xd8 ../LUFA_091223/LUFA/Drivers/USB/HighLevel/USBInterrupt.o
 .debug_abbrev  0x00000000000016a0       0xf1 ../LUFA_091223/LUFA/Drivers/USB/HighLevel/USBTask.o
 .debug_abbrev  0x0000000000001791      0x155 ../LUFA_091223/LUFA/Drivers/USB/HighLevel/ConfigDescriptor.o

.debug_line     0x0000000000000000     0x5de1
 *(.debug_line)
 .debug_line    0x0000000000000000      0x694 MassStorage.o
 .debug_line    0x0000000000000694      0x1a6 Descriptors.o
 .debug_line    0x000000000000083a      0x3ab Lib/SCSI.o
 .debug_line    0x0000000000000be5      0x7c2 Lib/SDCardManager.o
 .debug_line    0x00000000000013a7      0x9b2 Lib/sd_raw.o
 .debug_line    0x0000000000001d59      0x1e9 Lib/partition.o
 .debug_line    0x0000000000001f42     0x17ba Lib/fat.o
 .debug_line    0x00000000000036fc       0x3e Lib/byteordering.o
 .debug_line    0x000000000000373a      0x1c2 Lib/umeter_adc.o
 .debug_line    0x00000000000038fc      0x13a ../LUFA_091223/LUFA/Drivers/Peripheral/SerialStream.o
 .debug_line    0x0000000000003a36      0x402 ../LUFA_091223/LUFA/Drivers/USB/LowLevel/DevChapter9.o
 .debug_line    0x0000000000003e38     0x13d2 ../LUFA_091223/LUFA/Drivers/USB/LowLevel/Endpoint.o
 .debug_line    0x000000000000520a       0x24 ../LUFA_091223/LUFA/Drivers/USB/LowLevel/Host.o
 .debug_line    0x000000000000522e       0x24 ../LUFA_091223/LUFA/Drivers/USB/LowLevel/HostChapter9.o
 .debug_line    0x0000000000005252      0x2c4 ../LUFA_091223/LUFA/Drivers/USB/LowLevel/LowLevel.o
 .debug_line    0x0000000000005516       0x24 ../LUFA_091223/LUFA/Drivers/USB/LowLevel/Pipe.o
 .debug_line    0x000000000000553a       0x8e ../LUFA_091223/LUFA/Drivers/USB/HighLevel/Events.o
 .debug_line    0x00000000000055c8      0x3b0 ../LUFA_091223/LUFA/Drivers/USB/HighLevel/USBInterrupt.o
 .debug_line    0x0000000000005978      0x1c4 ../LUFA_091223/LUFA/Drivers/USB/HighLevel/USBTask.o
 .debug_line    0x0000000000005b3c      0x2a5 ../LUFA_091223/LUFA/Drivers/USB/HighLevel/ConfigDescriptor.o

.debug_frame    0x0000000000000000      0x820
 *(.debug_frame)
 .debug_frame   0x0000000000000000       0xb0 MassStorage.o
 .debug_frame   0x00000000000000b0       0x20 Descriptors.o
 .debug_frame   0x00000000000000d0       0x50 Lib/SCSI.o
 .debug_frame   0x0000000000000120       0xa0 Lib/SDCardManager.o
 .debug_frame   0x00000000000001c0       0xd0 Lib/sd_raw.o
 .debug_frame   0x0000000000000290       0x30 Lib/partition.o
 .debug_frame   0x00000000000002c0      0x1e0 Lib/fat.o
 .debug_frame   0x00000000000004a0       0x60 Lib/umeter_adc.o
 .debug_frame   0x0000000000000500       0x30 ../LUFA_091223/LUFA/Drivers/Peripheral/SerialStream.o
 .debug_frame   0x0000000000000530       0x20 ../LUFA_091223/LUFA/Drivers/USB/LowLevel/DevChapter9.o
 .debug_frame   0x0000000000000550      0x1b0 ../LUFA_091223/LUFA/Drivers/USB/LowLevel/Endpoint.o
 .debug_frame   0x0000000000000700       0x40 ../LUFA_091223/LUFA/Drivers/USB/LowLevel/LowLevel.o
 .debug_frame   0x0000000000000740       0x20 ../LUFA_091223/LUFA/Drivers/USB/HighLevel/Events.o
 .debug_frame   0x0000000000000760       0x50 ../LUFA_091223/LUFA/Drivers/USB/HighLevel/USBInterrupt.o
 .debug_frame   0x00000000000007b0       0x20 ../LUFA_091223/LUFA/Drivers/USB/HighLevel/USBTask.o
 .debug_frame   0x00000000000007d0       0x50 ../LUFA_091223/LUFA/Drivers/USB/HighLevel/ConfigDescriptor.o

.debug_str      0x0000000000000000     0x250c
 *(.debug_str)
 .debug_str     0x0000000000000000      0x5d9 MassStorage.o
                                        0x649 (size before relaxing)
 .debug_str     0x00000000000005d9      0x3ec Descriptors.o
                                        0x54f (size before relaxing)
 .debug_str     0x00000000000009c5      0x2ce Lib/SCSI.o
                                        0x4d1 (size before relaxing)
 .debug_str     0x0000000000000c93      0x38b Lib/SDCardManager.o
                                        0x56c (size before relaxing)
 .debug_str     0x000000000000101e      0x1c2 Lib/sd_raw.o
                                        0x3c7 (size before relaxing)
 .debug_str     0x00000000000011e0       0x55 Lib/partition.o
                                        0x276 (size before relaxing)
 .debug_str     0x0000000000001235      0x61a Lib/fat.o
                                        0x940 (size before relaxing)
 .debug_str     0x000000000000184f       0x13 Lib/byteordering.o
                                        0x103 (size before relaxing)
 .debug_str     0x0000000000001862       0x51 Lib/umeter_adc.o
                                        0x167 (size before relaxing)
 .debug_str     0x00000000000018b3       0x83 ../LUFA_091223/LUFA/Drivers/Peripheral/SerialStream.o
                                        0x1c3 (size before relaxing)
 .debug_str     0x0000000000001936      0x28c ../LUFA_091223/LUFA/Drivers/USB/LowLevel/DevChapter9.o
                                        0x4e5 (size before relaxing)
 .debug_str     0x0000000000001bc2      0x58b ../LUFA_091223/LUFA/Drivers/USB/LowLevel/Endpoint.o
                                        0x880 (size before relaxing)
 .debug_str     0x000000000000214d       0x6f ../LUFA_091223/LUFA/Drivers/USB/LowLevel/LowLevel.o
                                        0x273 (size before relaxing)
 .debug_str     0x00000000000021bc       0x42 ../LUFA_091223/LUFA/Drivers/USB/HighLevel/Events.o
                                        0x132 (size before relaxing)
 .debug_str     0x00000000000021fe       0x9e ../LUFA_091223/LUFA/Drivers/USB/HighLevel/USBInterrupt.o
                                        0x2a3 (size before relaxing)
 .debug_str     0x000000000000229c       0x5c ../LUFA_091223/LUFA/Drivers/USB/HighLevel/USBTask.o
                                        0x282 (size before relaxing)
 .debug_str     0x00000000000022f8      0x214 ../LUFA_091223/LUFA/Drivers/USB/HighLevel/ConfigDescriptor.o
                                        0x356 (size before relaxing)

.debug_loc      0x0000000000000000     0x5671
 *(.debug_loc)
 .debug_loc     0x0000000000000000       0x4d MassStorage.o
 .debug_loc     0x000000000000004d       0xd3 Descriptors.o
 .debug_loc     0x0000000000000120      0x110 Lib/SCSI.o
 .debug_loc     0x0000000000000230      0x3d0 Lib/SDCardManager.o
 .debug_loc     0x0000000000000600      0x9ba Lib/sd_raw.o
 .debug_loc     0x0000000000000fba      0x11e Lib/partition.o
 .debug_loc     0x00000000000010d8     0x2839 Lib/fat.o
 .debug_loc     0x0000000000003911       0xec Lib/umeter_adc.o
 .debug_loc     0x00000000000039fd       0x1f ../LUFA_091223/LUFA/Drivers/Peripheral/SerialStream.o
 .debug_loc     0x0000000000003a1c      0x1f1 ../LUFA_091223/LUFA/Drivers/USB/LowLevel/DevChapter9.o
 .debug_loc     0x0000000000003c0d     0x17ab ../LUFA_091223/LUFA/Drivers/USB/LowLevel/Endpoint.o
 .debug_loc     0x00000000000053b8       0x13 ../LUFA_091223/LUFA/Drivers/USB/LowLevel/LowLevel.o
 .debug_loc     0x00000000000053cb       0x1f ../LUFA_091223/LUFA/Drivers/USB/HighLevel/USBInterrupt.o
 .debug_loc     0x00000000000053ea       0x13 ../LUFA_091223/LUFA/Drivers/USB/HighLevel/USBTask.o
 .debug_loc     0x00000000000053fd      0x274 ../LUFA_091223/LUFA/Drivers/USB/HighLevel/ConfigDescriptor.o

.debug_macinfo
 *(.debug_macinfo)
OUTPUT(MassStorage.elf elf32-avr)
LOAD linker stubs

.debug_pubtypes
                0x0000000000000000      0xb02
 .debug_pubtypes
                0x0000000000000000      0x105 MassStorage.o
 .debug_pubtypes
                0x0000000000000105      0x12f Descriptors.o
 .debug_pubtypes
                0x0000000000000234       0x9b Lib/SCSI.o
 .debug_pubtypes
                0x00000000000002cf      0x14a Lib/SDCardManager.o
 .debug_pubtypes
                0x0000000000000419       0xb7 Lib/sd_raw.o
 .debug_pubtypes
                0x00000000000004d0      0x113 Lib/partition.o
 .debug_pubtypes
                0x00000000000005e3      0x1e2 Lib/fat.o
 .debug_pubtypes
                0x00000000000007c5       0x12 Lib/byteordering.o
 .debug_pubtypes
                0x00000000000007d7       0x1e Lib/umeter_adc.o
 .debug_pubtypes
                0x00000000000007f5       0x29 ../LUFA_091223/LUFA/Drivers/Peripheral/SerialStream.o
 .debug_pubtypes
                0x000000000000081e       0x76 ../LUFA_091223/LUFA/Drivers/USB/LowLevel/DevChapter9.o
 .debug_pubtypes
                0x0000000000000894       0xfb ../LUFA_091223/LUFA/Drivers/USB/LowLevel/Endpoint.o
 .debug_pubtypes
                0x000000000000098f       0x36 ../LUFA_091223/LUFA/Drivers/USB/LowLevel/LowLevel.o
 .debug_pubtypes
                0x00000000000009c5       0x12 ../LUFA_091223/LUFA/Drivers/USB/HighLevel/Events.o
 .debug_pubtypes
                0x00000000000009d7       0x43 ../LUFA_091223/LUFA/Drivers/USB/HighLevel/USBInterrupt.o
 .debug_pubtypes
                0x0000000000000a1a       0x5c ../LUFA_091223/LUFA/Drivers/USB/HighLevel/USBTask.o
 .debug_pubtypes
                0x0000000000000a76       0x8c ../LUFA_091223/LUFA/Drivers/USB/HighLevel/ConfigDescriptor.o

.debug_ranges   0x0000000000000000      0x6a0
 .debug_ranges  0x0000000000000000       0x58 MassStorage.o
 .debug_ranges  0x0000000000000058       0x10 Descriptors.o
 .debug_ranges  0x0000000000000068       0x28 Lib/SCSI.o
 .debug_ranges  0x0000000000000090       0xb0 Lib/SDCardManager.o
 .debug_ranges  0x0000000000000140       0xc0 Lib/sd_raw.o
 .debug_ranges  0x0000000000000200       0x18 Lib/partition.o
 .debug_ranges  0x0000000000000218      0x268 Lib/fat.o
 .debug_ranges  0x0000000000000480       0x30 Lib/umeter_adc.o
 .debug_ranges  0x00000000000004b0       0x18 ../LUFA_091223/LUFA/Drivers/Peripheral/SerialStream.o
 .debug_ranges  0x00000000000004c8       0x40 ../LUFA_091223/LUFA/Drivers/USB/LowLevel/DevChapter9.o
 .debug_ranges  0x0000000000000508      0x108 ../LUFA_091223/LUFA/Drivers/USB/LowLevel/Endpoint.o
 .debug_ranges  0x0000000000000610       0x20 ../LUFA_091223/LUFA/Drivers/USB/LowLevel/LowLevel.o
 .debug_ranges  0x0000000000000630       0x10 ../LUFA_091223/LUFA/Drivers/USB/HighLevel/Events.o
 .debug_ranges  0x0000000000000640       0x28 ../LUFA_091223/LUFA/Drivers/USB/HighLevel/USBInterrupt.o
 .debug_ranges  0x0000000000000668       0x10 ../LUFA_091223/LUFA/Drivers/USB/HighLevel/USBTask.o
 .debug_ranges  0x0000000000000678       0x28 ../LUFA_091223/LUFA/Drivers/USB/HighLevel/ConfigDescriptor.o

Cross Reference Table

Symbol                                            File
CALLBACK_USB_GetDescriptor                        Descriptors.o
                                                  ../LUFA_091223/LUFA/Drivers/USB/LowLevel/DevChapter9.o
CommandBlock                                      Lib/SCSI.o
                                                  MassStorage.o
CommandStatus                                     MassStorage.o
ConfigurationDescriptor                           Descriptors.o
DeviceDescriptor                                  Descriptors.o
EVENT_USB_Device_ConfigurationChanged             MassStorage.o
                                                  ../LUFA_091223/LUFA/Drivers/USB/LowLevel/DevChapter9.o
EVENT_USB_Device_Connect                          MassStorage.o
                                                  ../LUFA_091223/LUFA/Drivers/USB/HighLevel/USBInterrupt.o
EVENT_USB_Device_Disconnect                       MassStorage.o
                                                  ../LUFA_091223/LUFA/Drivers/USB/HighLevel/USBInterrupt.o
EVENT_USB_Device_Reset                            ../LUFA_091223/LUFA/Drivers/USB/HighLevel/Events.o
                                                  ../LUFA_091223/LUFA/Drivers/USB/HighLevel/USBInterrupt.o
EVENT_USB_Device_StartOfFrame                     ../LUFA_091223/LUFA/Drivers/USB/HighLevel/Events.o
                                                  ../LUFA_091223/LUFA/Drivers/USB/HighLevel/USBInterrupt.o
EVENT_USB_Device_Suspend                          ../LUFA_091223/LUFA/Drivers/USB/HighLevel/Events.o
                                                  ../LUFA_091223/LUFA/Drivers/USB/HighLevel/USBInterrupt.o
EVENT_USB_Device_UnhandledControlRequest          MassStorage.o
                                                  ../LUFA_091223/LUFA/Drivers/USB/LowLevel/DevChapter9.o
EVENT_USB_Device_WakeUp                           ../LUFA_091223/LUFA/Drivers/USB/HighLevel/Events.o
                                                  ../LUFA_091223/LUFA/Drivers/USB/HighLevel/USBInterrupt.o
Endpoint_BytesToEPSizeMaskDynamic                 ../LUFA_091223/LUFA/Drivers/USB/LowLevel/Endpoint.o
Endpoint_ClearEndpoints                           ../LUFA_091223/LUFA/Drivers/USB/LowLevel/Endpoint.o
                                                  ../LUFA_091223/LUFA/Drivers/USB/HighLevel/USBInterrupt.o
Endpoint_ClearStatusStage                         ../LUFA_091223/LUFA/Drivers/USB/LowLevel/Endpoint.o
                                                  ../LUFA_091223/LUFA/Drivers/USB/LowLevel/DevChapter9.o
                                                  MassStorage.o
Endpoint_ConfigureEndpoint_Prv                    ../LUFA_091223/LUFA/Drivers/USB/LowLevel/Endpoint.o
                                                  ../LUFA_091223/LUFA/Drivers/USB/HighLevel/USBInterrupt.o
                                                  MassStorage.o
Endpoint_Discard_Stream                           ../LUFA_091223/LUFA/Drivers/USB/LowLevel/Endpoint.o
Endpoint_Read_Control_EStream_BE                  ../LUFA_091223/LUFA/Drivers/USB/LowLevel/Endpoint.o
Endpoint_Read_Control_EStream_LE                  ../LUFA_091223/LUFA/Drivers/USB/LowLevel/Endpoint.o
Endpoint_Read_Control_Stream_BE                   ../LUFA_091223/LUFA/Drivers/USB/LowLevel/Endpoint.o
Endpoint_Read_Control_Stream_LE                   ../LUFA_091223/LUFA/Drivers/USB/LowLevel/Endpoint.o
Endpoint_Read_EStream_BE                          ../LUFA_091223/LUFA/Drivers/USB/LowLevel/Endpoint.o
Endpoint_Read_EStream_LE                          ../LUFA_091223/LUFA/Drivers/USB/LowLevel/Endpoint.o
Endpoint_Read_Stream_BE                           ../LUFA_091223/LUFA/Drivers/USB/LowLevel/Endpoint.o
Endpoint_Read_Stream_LE                           ../LUFA_091223/LUFA/Drivers/USB/LowLevel/Endpoint.o
                                                  MassStorage.o
Endpoint_WaitUntilReady                           ../LUFA_091223/LUFA/Drivers/USB/LowLevel/Endpoint.o
                                                  Lib/SDCardManager.o
Endpoint_Write_Control_EStream_BE                 ../LUFA_091223/LUFA/Drivers/USB/LowLevel/Endpoint.o
Endpoint_Write_Control_EStream_LE                 ../LUFA_091223/LUFA/Drivers/USB/LowLevel/Endpoint.o
Endpoint_Write_Control_PStream_BE                 ../LUFA_091223/LUFA/Drivers/USB/LowLevel/Endpoint.o
Endpoint_Write_Control_PStream_LE                 ../LUFA_091223/LUFA/Drivers/USB/LowLevel/Endpoint.o
                                                  ../LUFA_091223/LUFA/Drivers/USB/LowLevel/DevChapter9.o
Endpoint_Write_Control_Stream_BE                  ../LUFA_091223/LUFA/Drivers/USB/LowLevel/Endpoint.o
Endpoint_Write_Control_Stream_LE                  ../LUFA_091223/LUFA/Drivers/USB/LowLevel/Endpoint.o
Endpoint_Write_EStream_BE                         ../LUFA_091223/LUFA/Drivers/USB/LowLevel/Endpoint.o
Endpoint_Write_EStream_LE                         ../LUFA_091223/LUFA/Drivers/USB/LowLevel/Endpoint.o
Endpoint_Write_PStream_BE                         ../LUFA_091223/LUFA/Drivers/USB/LowLevel/Endpoint.o
Endpoint_Write_PStream_LE                         ../LUFA_091223/LUFA/Drivers/USB/LowLevel/Endpoint.o
Endpoint_Write_Stream_BE                          ../LUFA_091223/LUFA/Drivers/USB/LowLevel/Endpoint.o
Endpoint_Write_Stream_LE                          ../LUFA_091223/LUFA/Drivers/USB/LowLevel/Endpoint.o
                                                  Lib/SCSI.o
                                                  MassStorage.o
InquiryData                                       Lib/SCSI.o
IsMassStoreReset                                  MassStorage.o
                                                  Lib/SDCardManager.o
                                                  Lib/SCSI.o
LanguageString                                    Descriptors.o
ManufacturerString                                Descriptors.o
MassStorage_Task                                  MassStorage.o
ProductString                                     Descriptors.o
SCSI_DecodeSCSICommand                            Lib/SCSI.o
                                                  MassStorage.o
SDCardManager_CheckDataflashOperation             Lib/SDCardManager.o
                                                  Lib/SCSI.o
SDCardManager_GetNbBlocks                         Lib/SDCardManager.o
                                                  Lib/SCSI.o
SDCardManager_Init                                Lib/SDCardManager.o
                                                  MassStorage.o
SDCardManager_ReadBlockHandler                    Lib/SDCardManager.o
SDCardManager_ReadBlocks                          Lib/SDCardManager.o
                                                  Lib/SCSI.o
SDCardManager_WriteBlockHandler                   Lib/SDCardManager.o
SDCardManager_WriteBlocks                         Lib/SDCardManager.o
                                                  Lib/SCSI.o
SenseData                                         Lib/SCSI.o
SetupHardware                                     MassStorage.o
StreamCallback_AbortOnMassStoreReset              MassStorage.o
                                                  Lib/SCSI.o
UMeter_Init                                       Lib/SDCardManager.o
                                                  MassStorage.o
UMeter_Task                                       Lib/SDCardManager.o
                                                  MassStorage.o
USARTStream                                       ../LUFA_091223/LUFA/Drivers/Peripheral/SerialStream.o
                                                  MassStorage.o
USB_ConfigurationNumber                           ../LUFA_091223/LUFA/Drivers/USB/HighLevel/USBInterrupt.o
                                                  ../LUFA_091223/LUFA/Drivers/USB/LowLevel/LowLevel.o
                                                  ../LUFA_091223/LUFA/Drivers/USB/LowLevel/DevChapter9.o
USB_ControlRequest                                ../LUFA_091223/LUFA/Drivers/USB/HighLevel/USBTask.o
                                                  ../LUFA_091223/LUFA/Drivers/USB/LowLevel/Endpoint.o
                                                  ../LUFA_091223/LUFA/Drivers/USB/LowLevel/DevChapter9.o
                                                  MassStorage.o
USB_CurrentlySelfPowered                          ../LUFA_091223/LUFA/Drivers/USB/LowLevel/LowLevel.o
                                                  ../LUFA_091223/LUFA/Drivers/USB/LowLevel/DevChapter9.o
USB_DeviceState                                   ../LUFA_091223/LUFA/Drivers/USB/HighLevel/USBTask.o
                                                  ../LUFA_091223/LUFA/Drivers/USB/HighLevel/USBInterrupt.o
                                                  ../LUFA_091223/LUFA/Drivers/USB/LowLevel/LowLevel.o
                                                  ../LUFA_091223/LUFA/Drivers/USB/LowLevel/Endpoint.o
                                                  ../LUFA_091223/LUFA/Drivers/USB/LowLevel/DevChapter9.o
                                                  MassStorage.o
USB_Device_ProcessControlRequest                  ../LUFA_091223/LUFA/Drivers/USB/LowLevel/DevChapter9.o
                                                  ../LUFA_091223/LUFA/Drivers/USB/HighLevel/USBTask.o
USB_Event_Stub                                    ../LUFA_091223/LUFA/Drivers/USB/HighLevel/Events.o
USB_GetNextDescriptorComp                         ../LUFA_091223/LUFA/Drivers/USB/HighLevel/ConfigDescriptor.o
USB_GetNextDescriptorOfType                       ../LUFA_091223/LUFA/Drivers/USB/HighLevel/ConfigDescriptor.o
USB_GetNextDescriptorOfTypeAfter                  ../LUFA_091223/LUFA/Drivers/USB/HighLevel/ConfigDescriptor.o
USB_GetNextDescriptorOfTypeBefore                 ../LUFA_091223/LUFA/Drivers/USB/HighLevel/ConfigDescriptor.o
USB_INT_ClearAllInterrupts                        ../LUFA_091223/LUFA/Drivers/USB/HighLevel/USBInterrupt.o
                                                  ../LUFA_091223/LUFA/Drivers/USB/LowLevel/LowLevel.o
USB_INT_DisableAllInterrupts                      ../LUFA_091223/LUFA/Drivers/USB/HighLevel/USBInterrupt.o
                                                  ../LUFA_091223/LUFA/Drivers/USB/LowLevel/LowLevel.o
USB_Init                                          ../LUFA_091223/LUFA/Drivers/USB/LowLevel/LowLevel.o
                                                  MassStorage.o
USB_IsInitialized                                 ../LUFA_091223/LUFA/Drivers/USB/HighLevel/USBTask.o
                                                  ../LUFA_091223/LUFA/Drivers/USB/LowLevel/LowLevel.o
USB_RemoteWakeupEnabled                           ../LUFA_091223/LUFA/Drivers/USB/LowLevel/LowLevel.o
                                                  ../LUFA_091223/LUFA/Drivers/USB/LowLevel/DevChapter9.o
USB_ResetInterface                                ../LUFA_091223/LUFA/Drivers/USB/LowLevel/LowLevel.o
USB_ShutDown                                      ../LUFA_091223/LUFA/Drivers/USB/LowLevel/LowLevel.o
USB_USBTask                                       ../LUFA_091223/LUFA/Drivers/USB/HighLevel/USBTask.o
                                                  ../LUFA_091223/LUFA/Drivers/USB/HighLevel/USBInterrupt.o
                                                  MassStorage.o
__addsf3                                          /usr/lib/gcc/avr/4.5.3/../../../avr/lib/avr5/libm.a(addsf3.o)
                                                  Lib/SDCardManager.o
__addsf3x                                         /usr/lib/gcc/avr/4.5.3/../../../avr/lib/avr5/libm.a(addsf3x.o)
                                                  /usr/lib/gcc/avr/4.5.3/../../../avr/lib/avr5/libm.a(addsf3.o)
__ashldi3                                         /usr/lib/gcc/avr/4.5.3/avr5/libgcc.a(_ashldi3.o)
                                                  Lib/fat.o
                                                  Lib/sd_raw.o
__bad_interrupt                                   /usr/lib/gcc/avr/4.5.3/../../../avr/lib/avr5/crtm32u4.o
__bss_end                                         /usr/lib/gcc/avr/4.5.3/avr5/libgcc.a(_clear_bss.o)
__bss_start                                       /usr/lib/gcc/avr/4.5.3/avr5/libgcc.a(_clear_bss.o)
__data_end                                        /usr/lib/gcc/avr/4.5.3/avr5/libgcc.a(_copy_data.o)
__data_load_start                                 /usr/lib/gcc/avr/4.5.3/avr5/libgcc.a(_copy_data.o)
__data_start                                      /usr/lib/gcc/avr/4.5.3/avr5/libgcc.a(_copy_data.o)
__divmodhi4                                       /usr/lib/gcc/avr/4.5.3/avr5/libgcc.a(_divmodhi4.o)
                                                  Lib/fat.o
__divsf3                                          /usr/lib/gcc/avr/4.5.3/../../../avr/lib/avr5/libm.a(divsf3.o)
                                                  Lib/SDCardManager.o
__divsf3_pse                                      /usr/lib/gcc/avr/4.5.3/../../../avr/lib/avr5/libm.a(divsf3x.o)
__divsf3x                                         /usr/lib/gcc/avr/4.5.3/../../../avr/lib/avr5/libm.a(divsf3x.o)
                                                  /usr/lib/gcc/avr/4.5.3/../../../avr/lib/avr5/libm.a(divsf3.o)
__do_clear_bss                                    /usr/lib/gcc/avr/4.5.3/avr5/libgcc.a(_clear_bss.o)
                                                  /usr/lib/gcc/avr/4.5.3/../../../avr/lib/avr5/libc.a(iob.o)
                                                  ../LUFA_091223/LUFA/Drivers/USB/HighLevel/USBTask.o
                                                  ../LUFA_091223/LUFA/Drivers/USB/LowLevel/DevChapter9.o
                                                  Lib/fat.o
                                                  Lib/partition.o
                                                  Lib/sd_raw.o
                                                  Lib/SDCardManager.o
                                                  MassStorage.o
__do_copy_data                                    /usr/lib/gcc/avr/4.5.3/avr5/libgcc.a(_copy_data.o)
                                                  ../LUFA_091223/LUFA/Drivers/Peripheral/SerialStream.o
                                                  Lib/umeter_adc.o
                                                  Lib/fat.o
                                                  Lib/SDCardManager.o
                                                  Lib/SCSI.o
                                                  MassStorage.o
__eerd_byte_m32u4                                 /usr/lib/gcc/avr/4.5.3/../../../avr/lib/avr5/libc.a(eerd_byte_atmega32u4.o)
                                                  ../LUFA_091223/LUFA/Drivers/USB/LowLevel/Endpoint.o
__eewr_byte_m32u4                                 /usr/lib/gcc/avr/4.5.3/../../../avr/lib/avr5/libc.a(eewr_byte_atmega32u4.o)
                                                  ../LUFA_091223/LUFA/Drivers/USB/LowLevel/Endpoint.o
__eewr_r18_m32u4                                  /usr/lib/gcc/avr/4.5.3/../../../avr/lib/avr5/libc.a(eewr_byte_atmega32u4.o)
__epilogue_restores__                             /usr/lib/gcc/avr/4.5.3/avr5/libgcc.a(_epilogue.o)
                                                  /usr/lib/gcc/avr/4.5.3/../../../avr/lib/avr5/libc.a(vfprintf_std.o)
                                                  /usr/lib/gcc/avr/4.5.3/../../../avr/lib/avr5/libc.a(sprintf.o)
                                                  /usr/lib/gcc/avr/4.5.3/../../../avr/lib/avr5/libc.a(puts.o)
                                                  /usr/lib/gcc/avr/4.5.3/../../../avr/lib/avr5/libc.a(printf_p.o)
                                                  /usr/lib/gcc/avr/4.5.3/../../../avr/lib/avr5/libc.a(printf.o)
                                                  /usr/lib/gcc/avr/4.5.3/avr5/libgcc.a(_muldi3.o)
__fixsfsi                                         /usr/lib/gcc/avr/4.5.3/../../../avr/lib/avr5/libm.a(fixsfsi.o)
                                                  Lib/umeter_adc.o
__fixunssfsi                                      /usr/lib/gcc/avr/4.5.3/../../../avr/lib/avr5/libm.a(fixunssfsi.o)
                                                  /usr/lib/gcc/avr/4.5.3/../../../avr/lib/avr5/libm.a(fixsfsi.o)
__floatsisf                                       /usr/lib/gcc/avr/4.5.3/../../../avr/lib/avr5/libm.a(floatsisf.o)
                                                  Lib/umeter_adc.o
__floatunsisf                                     /usr/lib/gcc/avr/4.5.3/../../../avr/lib/avr5/libm.a(floatsisf.o)
                                                  Lib/SDCardManager.o
__fp_inf                                          /usr/lib/gcc/avr/4.5.3/../../../avr/lib/avr5/libm.a(fp_inf.o)
                                                  /usr/lib/gcc/avr/4.5.3/../../../avr/lib/avr5/libm.a(mulsf3x.o)
                                                  /usr/lib/gcc/avr/4.5.3/../../../avr/lib/avr5/libm.a(divsf3x.o)
                                                  /usr/lib/gcc/avr/4.5.3/../../../avr/lib/avr5/libm.a(addsf3x.o)
__fp_nan                                          /usr/lib/gcc/avr/4.5.3/../../../avr/lib/avr5/libm.a(fp_nan.o)
                                                  /usr/lib/gcc/avr/4.5.3/../../../avr/lib/avr5/libm.a(mulsf3x.o)
                                                  /usr/lib/gcc/avr/4.5.3/../../../avr/lib/avr5/libm.a(divsf3x.o)
                                                  /usr/lib/gcc/avr/4.5.3/../../../avr/lib/avr5/libm.a(addsf3x.o)
__fp_pscA                                         /usr/lib/gcc/avr/4.5.3/../../../avr/lib/avr5/libm.a(fp_pscA.o)
                                                  /usr/lib/gcc/avr/4.5.3/../../../avr/lib/avr5/libm.a(mulsf3x.o)
                                                  /usr/lib/gcc/avr/4.5.3/../../../avr/lib/avr5/libm.a(divsf3x.o)
                                                  /usr/lib/gcc/avr/4.5.3/../../../avr/lib/avr5/libm.a(addsf3x.o)
__fp_pscB                                         /usr/lib/gcc/avr/4.5.3/../../../avr/lib/avr5/libm.a(fp_pscB.o)
                                                  /usr/lib/gcc/avr/4.5.3/../../../avr/lib/avr5/libm.a(mulsf3x.o)
                                                  /usr/lib/gcc/avr/4.5.3/../../../avr/lib/avr5/libm.a(divsf3x.o)
                                                  /usr/lib/gcc/avr/4.5.3/../../../avr/lib/avr5/libm.a(addsf3x.o)
__fp_round                                        /usr/lib/gcc/avr/4.5.3/../../../avr/lib/avr5/libm.a(fp_round.o)
                                                  /usr/lib/gcc/avr/4.5.3/../../../avr/lib/avr5/libm.a(mulsf3.o)
                                                  /usr/lib/gcc/avr/4.5.3/../../../avr/lib/avr5/libm.a(divsf3.o)
                                                  /usr/lib/gcc/avr/4.5.3/../../../avr/lib/avr5/libm.a(addsf3.o)
__fp_split3                                       /usr/lib/gcc/avr/4.5.3/../../../avr/lib/avr5/libm.a(fp_split3.o)
                                                  /usr/lib/gcc/avr/4.5.3/../../../avr/lib/avr5/libm.a(mulsf3x.o)
                                                  /usr/lib/gcc/avr/4.5.3/../../../avr/lib/avr5/libm.a(divsf3x.o)
                                                  /usr/lib/gcc/avr/4.5.3/../../../avr/lib/avr5/libm.a(addsf3x.o)
__fp_splitA                                       /usr/lib/gcc/avr/4.5.3/../../../avr/lib/avr5/libm.a(fp_split3.o)
                                                  /usr/lib/gcc/avr/4.5.3/../../../avr/lib/avr5/libm.a(fixunssfsi.o)
__fp_szero                                        /usr/lib/gcc/avr/4.5.3/../../../avr/lib/avr5/libm.a(fp_zero.o)
                                                  /usr/lib/gcc/avr/4.5.3/../../../avr/lib/avr5/libm.a(mulsf3x.o)
                                                  /usr/lib/gcc/avr/4.5.3/../../../avr/lib/avr5/libm.a(fixsfsi.o)
                                                  /usr/lib/gcc/avr/4.5.3/../../../avr/lib/avr5/libm.a(divsf3x.o)
__fp_zero                                         /usr/lib/gcc/avr/4.5.3/../../../avr/lib/avr5/libm.a(fp_zero.o)
                                                  /usr/lib/gcc/avr/4.5.3/../../../avr/lib/avr5/libm.a(fixunssfsi.o)
                                                  /usr/lib/gcc/avr/4.5.3/../../../avr/lib/avr5/libm.a(addsf3x.o)
__heap_end                                        /usr/lib/gcc/avr/4.5.3/../../../avr/lib/avr5/crtm32u4.o
__init                                            /usr/lib/gcc/avr/4.5.3/../../../avr/lib/avr5/crtm32u4.o
__iob                                             /usr/lib/gcc/avr/4.5.3/../../../avr/lib/avr5/libc.a(puts.o)
                                                  /usr/lib/gcc/avr/4.5.3/../../../avr/lib/avr5/libc.a(printf_p.o)
                                                  /usr/lib/gcc/avr/4.5.3/../../../avr/lib/avr5/libc.a(printf.o)
                                                  /usr/lib/gcc/avr/4.5.3/../../../avr/lib/avr5/libc.a(iob.o)
                                                  MassStorage.o
__lshrdi3                                         /usr/lib/gcc/avr/4.5.3/avr5/libgcc.a(_lshrdi3.o)
                                                  Lib/sd_raw.o
                                                  Lib/SDCardManager.o
__muldi3                                          /usr/lib/gcc/avr/4.5.3/avr5/libgcc.a(_muldi3.o)
                                                  Lib/fat.o
__mulsf3                                          /usr/lib/gcc/avr/4.5.3/../../../avr/lib/avr5/libm.a(mulsf3.o)
                                                  Lib/umeter_adc.o
                                                  Lib/SDCardManager.o
__mulsf3_pse                                      /usr/lib/gcc/avr/4.5.3/../../../avr/lib/avr5/libm.a(mulsf3x.o)
__mulsf3x                                         /usr/lib/gcc/avr/4.5.3/../../../avr/lib/avr5/libm.a(mulsf3x.o)
                                                  /usr/lib/gcc/avr/4.5.3/../../../avr/lib/avr5/libm.a(mulsf3.o)
__mulsi3                                          /usr/lib/gcc/avr/4.5.3/avr5/libgcc.a(_mulsi3.o)
                                                  /usr/lib/gcc/avr/4.5.3/avr5/libgcc.a(_muldi3.o)
                                                  Lib/fat.o
__prologue_saves__                                /usr/lib/gcc/avr/4.5.3/avr5/libgcc.a(_prologue.o)
                                                  /usr/lib/gcc/avr/4.5.3/../../../avr/lib/avr5/libc.a(vfprintf_std.o)
                                                  /usr/lib/gcc/avr/4.5.3/../../../avr/lib/avr5/libc.a(sprintf.o)
                                                  /usr/lib/gcc/avr/4.5.3/../../../avr/lib/avr5/libc.a(printf_p.o)
                                                  /usr/lib/gcc/avr/4.5.3/../../../avr/lib/avr5/libc.a(printf.o)
                                                  /usr/lib/gcc/avr/4.5.3/avr5/libgcc.a(_muldi3.o)
__stack                                           /usr/lib/gcc/avr/4.5.3/../../../avr/lib/avr5/crtm32u4.o
__subsf3                                          /usr/lib/gcc/avr/4.5.3/../../../avr/lib/avr5/libm.a(addsf3.o)
                                                  Lib/umeter_adc.o
__udivmodhi4                                      /usr/lib/gcc/avr/4.5.3/avr5/libgcc.a(_udivmodhi4.o)
                                                  /usr/lib/gcc/avr/4.5.3/avr5/libgcc.a(_divmodhi4.o)
                                                  Lib/fat.o
__udivmodsi4                                      /usr/lib/gcc/avr/4.5.3/avr5/libgcc.a(_udivmodsi4.o)
                                                  Lib/fat.o
__ultoa_invert                                    /usr/lib/gcc/avr/4.5.3/../../../avr/lib/avr5/libc.a(ultoa_invert.o)
                                                  /usr/lib/gcc/avr/4.5.3/../../../avr/lib/avr5/libc.a(vfprintf_std.o)
__vector_1                                        /usr/lib/gcc/avr/4.5.3/../../../avr/lib/avr5/crtm32u4.o
__vector_10                                       ../LUFA_091223/LUFA/Drivers/USB/HighLevel/USBInterrupt.o
                                                  /usr/lib/gcc/avr/4.5.3/../../../avr/lib/avr5/crtm32u4.o
__vector_11                                       ../LUFA_091223/LUFA/Drivers/USB/HighLevel/USBInterrupt.o
                                                  /usr/lib/gcc/avr/4.5.3/../../../avr/lib/avr5/crtm32u4.o
__vector_12                                       /usr/lib/gcc/avr/4.5.3/../../../avr/lib/avr5/crtm32u4.o
__vector_13                                       /usr/lib/gcc/avr/4.5.3/../../../avr/lib/avr5/crtm32u4.o
__vector_14                                       /usr/lib/gcc/avr/4.5.3/../../../avr/lib/avr5/crtm32u4.o
__vector_15                                       /usr/lib/gcc/avr/4.5.3/../../../avr/lib/avr5/crtm32u4.o
__vector_16                                       /usr/lib/gcc/avr/4.5.3/../../../avr/lib/avr5/crtm32u4.o
__vector_17                                       /usr/lib/gcc/avr/4.5.3/../../../avr/lib/avr5/crtm32u4.o
__vector_18                                       /usr/lib/gcc/avr/4.5.3/../../../avr/lib/avr5/crtm32u4.o
__vector_19                                       /usr/lib/gcc/avr/4.5.3/../../../avr/lib/avr5/crtm32u4.o
__vector_2                                        /usr/lib/gcc/avr/4.5.3/../../../avr/lib/avr5/crtm32u4.o
__vector_20                                       /usr/lib/gcc/avr/4.5.3/../../../avr/lib/avr5/crtm32u4.o
__vector_21                                       /usr/lib/gcc/avr/4.5.3/../../../avr/lib/avr5/crtm32u4.o
__vector_22                                       /usr/lib/gcc/avr/4.5.3/../../../avr/lib/avr5/crtm32u4.o
__vector_23                                       /usr/lib/gcc/avr/4.5.3/../../../avr/lib/avr5/crtm32u4.o
__vector_24                                       /usr/lib/gcc/avr/4.5.3/../../../avr/lib/avr5/crtm32u4.o
__vector_25                                       /usr/lib/gcc/avr/4.5.3/../../../avr/lib/avr5/crtm32u4.o
__vector_26                                       /usr/lib/gcc/avr/4.5.3/../../../avr/lib/avr5/crtm32u4.o
__vector_27                                       /usr/lib/gcc/avr/4.5.3/../../../avr/lib/avr5/crtm32u4.o
__vector_28                                       /usr/lib/gcc/avr/4.5.3/../../../avr/lib/avr5/crtm32u4.o
__vector_29                                       /usr/lib/gcc/avr/4.5.3/../../../avr/lib/avr5/crtm32u4.o
__vector_3                                        /usr/lib/gcc/avr/4.5.3/../../../avr/lib/avr5/crtm32u4.o
__vector_30                                       /usr/lib/gcc/avr/4.5.3/../../../avr/lib/avr5/crtm32u4.o
__vector_31                                       /usr/lib/gcc/avr/4.5.3/../../../avr/lib/avr5/crtm32u4.o
__vector_32                                       /usr/lib/gcc/avr/4.5.3/../../../avr/lib/avr5/crtm32u4.o
__vector_33                                       /usr/lib/gcc/avr/4.5.3/../../../avr/lib/avr5/crtm32u4.o
__vector_34                                       /usr/lib/gcc/avr/4.5.3/../../../avr/lib/avr5/crtm32u4.o
__vector_35                                       /usr/lib/gcc/avr/4.5.3/../../../avr/lib/avr5/crtm32u4.o
__vector_36                                       /usr/lib/gcc/avr/4.5.3/../../../avr/lib/avr5/crtm32u4.o
__vector_37                                       /usr/lib/gcc/avr/4.5.3/../../../avr/lib/avr5/crtm32u4.o
__vector_38                                       /usr/lib/gcc/avr/4.5.3/../../../avr/lib/avr5/crtm32u4.o
__vector_39                                       /usr/lib/gcc/avr/4.5.3/../../../avr/lib/avr5/crtm32u4.o
__vector_4                                        /usr/lib/gcc/avr/4.5.3/../../../avr/lib/avr5/crtm32u4.o
__vector_40                                       /usr/lib/gcc/avr/4.5.3/../../../avr/lib/avr5/crtm32u4.o
__vector_41                                       /usr/lib/gcc/avr/4.5.3/../../../avr/lib/avr5/crtm32u4.o
__vector_42                                       /usr/lib/gcc/avr/4.5.3/../../../avr/lib/avr5/crtm32u4.o
__vector_5                                        /usr/lib/gcc/avr/4.5.3/../../../avr/lib/avr5/crtm32u4.o
__vector_6                                        /usr/lib/gcc/avr/4.5.3/../../../avr/lib/avr5/crtm32u4.o
__vector_7                                        /usr/lib/gcc/avr/4.5.3/../../../avr/lib/avr5/crtm32u4.o
__vector_8                                        /usr/lib/gcc/avr/4.5.3/../../../avr/lib/avr5/crtm32u4.o
__vector_9                                        /usr/lib/gcc/avr/4.5.3/../../../avr/lib/avr5/crtm32u4.o
__vector_default                                  /usr/lib/gcc/avr/4.5.3/../../../avr/lib/avr5/crtm32u4.o
__vectors                                         /usr/lib/gcc/avr/4.5.3/../../../avr/lib/avr5/crtm32u4.o
_div                                              /usr/lib/gcc/avr/4.5.3/avr5/libgcc.a(_divmodhi4.o)
_exit                                             /usr/lib/gcc/avr/4.5.3/avr5/libgcc.a(_exit.o)
adc_conversion                                    Lib/umeter_adc.o
                                                  Lib/SDCardManager.o
adc_init                                          Lib/umeter_adc.o
                                                  MassStorage.o
data_logger_main                                  MassStorage.o
exit                                              /usr/lib/gcc/avr/4.5.3/avr5/libgcc.a(_exit.o)
                                                  /usr/lib/gcc/avr/4.5.3/../../../avr/lib/avr5/crtm32u4.o
fat_close                                         Lib/fat.o
fat_close_dir                                     Lib/fat.o
fat_close_file                                    Lib/fat.o
                                                  Lib/SDCardManager.o
fat_create_dir                                    Lib/fat.o
fat_create_file                                   Lib/fat.o
                                                  Lib/SDCardManager.o
fat_delete_file                                   Lib/fat.o
fat_get_dir_entry_of_path                         Lib/fat.o
                                                  Lib/SDCardManager.o
fat_get_fs_free                                   Lib/fat.o
fat_get_fs_size                                   Lib/fat.o
fat_open                                          Lib/fat.o
                                                  Lib/SDCardManager.o
fat_open_dir                                      Lib/fat.o
                                                  Lib/SDCardManager.o
fat_open_file                                     Lib/fat.o
                                                  Lib/SDCardManager.o
fat_read_dir                                      Lib/fat.o
                                                  Lib/SDCardManager.o
fat_read_file                                     Lib/fat.o
                                                  Lib/SDCardManager.o
fat_reset_dir                                     Lib/fat.o
                                                  Lib/SDCardManager.o
fat_resize_file                                   Lib/fat.o
fat_seek_file                                     Lib/fat.o
fat_write_file                                    Lib/fat.o
                                                  Lib/SDCardManager.o
float2str                                         Lib/umeter_adc.o
                                                  Lib/SDCardManager.o
fputc                                             /usr/lib/gcc/avr/4.5.3/../../../avr/lib/avr5/libc.a(fputc.o)
                                                  /usr/lib/gcc/avr/4.5.3/../../../avr/lib/avr5/libc.a(vfprintf_std.o)
main                                              MassStorage.o
                                                  /usr/lib/gcc/avr/4.5.3/../../../avr/lib/avr5/crtm32u4.o
mass_storage_main                                 MassStorage.o
memcpy                                            /usr/lib/gcc/avr/4.5.3/../../../avr/lib/avr5/libc.a(memcpy.o)
                                                  Lib/fat.o
                                                  Lib/sd_raw.o
memset                                            /usr/lib/gcc/avr/4.5.3/../../../avr/lib/avr5/libc.a(memset.o)
                                                  Lib/fat.o
partition_close                                   Lib/partition.o
partition_open                                    Lib/partition.o
                                                  Lib/SDCardManager.o
printf                                            /usr/lib/gcc/avr/4.5.3/../../../avr/lib/avr5/libc.a(printf.o)
                                                  Lib/SDCardManager.o
printf_P                                          /usr/lib/gcc/avr/4.5.3/../../../avr/lib/avr5/libc.a(printf_p.o)
                                                  Lib/SDCardManager.o
                                                  MassStorage.o
puts                                              /usr/lib/gcc/avr/4.5.3/../../../avr/lib/avr5/libc.a(puts.o)
                                                  Lib/SDCardManager.o
sd_raw_available                                  Lib/sd_raw.o
sd_raw_get_info                                   Lib/sd_raw.o
                                                  Lib/SDCardManager.o
sd_raw_init                                       Lib/sd_raw.o
                                                  Lib/SDCardManager.o
sd_raw_locked                                     Lib/sd_raw.o
sd_raw_read                                       Lib/sd_raw.o
                                                  Lib/SDCardManager.o
sd_raw_read_interval                              Lib/sd_raw.o
                                                  Lib/SDCardManager.o
sd_raw_sync                                       Lib/sd_raw.o
sd_raw_write                                      Lib/sd_raw.o
                                                  Lib/SDCardManager.o
sd_raw_write_interval                             Lib/sd_raw.o
                                                  Lib/SDCardManager.o
select_adc                                        Lib/umeter_adc.o
select_sensor                                     Lib/umeter_adc.o
                                                  Lib/SDCardManager.o
sprintf                                           /usr/lib/gcc/avr/4.5.3/../../../avr/lib/avr5/libc.a(sprintf.o)
                                                  Lib/umeter_adc.o
strchr                                            /usr/lib/gcc/avr/4.5.3/../../../avr/lib/avr5/libc.a(strchr.o)
                                                  Lib/fat.o
strcmp                                            /usr/lib/gcc/avr/4.5.3/../../../avr/lib/avr5/libc.a(strcmp.o)
                                                  Lib/fat.o
                                                  Lib/SDCardManager.o
strncmp                                           /usr/lib/gcc/avr/4.5.3/../../../avr/lib/avr5/libc.a(strncmp.o)
                                                  Lib/fat.o
strncpy                                           /usr/lib/gcc/avr/4.5.3/../../../avr/lib/avr5/libc.a(strncpy.o)
                                                  Lib/fat.o
strnlen                                           /usr/lib/gcc/avr/4.5.3/../../../avr/lib/avr5/libc.a(strnlen.o)
                                                  /usr/lib/gcc/avr/4.5.3/../../../avr/lib/avr5/libc.a(vfprintf_std.o)
strnlen_P                                         /usr/lib/gcc/avr/4.5.3/../../../avr/lib/avr5/libc.a(strnlen_P.o)
                                                  /usr/lib/gcc/avr/4.5.3/../../../avr/lib/avr5/libc.a(vfprintf_std.o)
strrchr                                           /usr/lib/gcc/avr/4.5.3/../../../avr/lib/avr5/libc.a(strrchr.o)
                                                  Lib/fat.o
vfprintf                                          /usr/lib/gcc/avr/4.5.3/../../../avr/lib/avr5/libc.a(vfprintf_std.o)
                                                  /usr/lib/gcc/avr/4.5.3/../../../avr/lib/avr5/libc.a(sprintf.o)
                                                  /usr/lib/gcc/avr/4.5.3/../../../avr/lib/avr5/libc.a(printf_p.o)
                                                  /usr/lib/gcc/avr/4.5.3/../../../avr/lib/avr5/libc.a(printf.o)
